<html>
<body>
<pre>
<h1>µVision Build Log</h1>
<h2>Tool Versions:</h2>
IDE-Version: ¦ÌVision V5.14.0.0
Copyright (C) 2015 ARM Ltd and ARM Germany GmbH. All rights reserved.
License Information: 66 1152354885@qq.com, ff, LIC=NHY8T-R3NJS-YBME9-4B9ZX-EFB8V-L6I1J
 
Tool Versions:
Toolchain:       MDK-ARM Professional  Version: 5.14.0.0
Toolchain Path:  C:\Keil_v5\ARM\ARMCC\Bin
C Compiler:      Armcc.exe V5.05 update 1 (build 106)
Assembler:       Armasm.exe V5.05 update 1 (build 106)
Linker/Locator:  ArmLink.exe V5.05 update 1 (build 106)
Library Manager: ArmAr.exe V5.05 update 1 (build 106)
Hex Converter:   FromElf.exe V5.05 update 1 (build 106)
CPU DLL:         SARMCM3.DLL V5.14.0.0
Dialog DLL:      DARMSTM.DLL V1.65.0.0
Target DLL:      Segger\JL2CM3.dll V2.99.13.0
Dialog DLL:      TARMSTM.DLL V1.64.0.0
 
<h2>Project:</h2>
C:\Users\11523\Downloads\SGP30_PM2.5_STM32F103\USER\IWDG.uvprojx
Project File Date:  05/23/2019

<h2>Output:</h2>
Build target 'IWDG'
compiling main.c...
main.c(15): warning:  #550-D: variable "pm" was set but never used
                u16 pm,co2Data,TVOCData;
main.c: 1 warning, 0 errors
compiling stm32f10x_it.c...
compiling system_stm32f10x.c...
compiling SGP30.c...
compiling delay.c...
compiling sys.c...
compiling usart.c...
compiling iic.c...
compiling adc.c...
..\HARDWARE\ADC\adc.c(95): warning:  #223-D: function "printf" declared implicitly
        printf("PM2.5=");
..\HARDWARE\ADC\adc.c: 1 warning, 0 errors
compiling core_cm3.c...
assembling startup_stm32f10x_hd.s...
compiling misc.c...
compiling stm32f10x_exti.c...
compiling stm32f10x_gpio.c...
compiling stm32f10x_iwdg.c...
compiling stm32f10x_rcc.c...
compiling stm32f10x_usart.c...
compiling stm32f10x_adc.c...
linking...
Program Size: Code=10644 RO-data=336 RW-data=52 ZI-data=1228  
FromELF: creating hex file...
"..\OBJ\IWDG.axf" - 0 Error(s), 2 Warning(s).

<h2>Collection of Component include folders:</h2>
  C:\Users\11523\Downloads\SGP30_PM2.5_STM32F103\USER\RTE
  C:\Keil_v5\ARM\PACK\Keil\STM32F1xx_DFP\1.0.5\Device\Include

<h2>Collection of Component Files used:</h2>
</pre>
</body>
</html>
