<html>
<body>
<pre>
<h1>礦ision Build Log</h1>
<h2>Tool Versions:</h2>
IDE-Version: μVision V5.14.0.0
Copyright (C) 2015 ARM Ltd and ARM Germany GmbH. All rights reserved.
License Information: 66 1152354885@qq.com, ff, LIC=NHY8T-R3NJS-YBME9-4B9ZX-EFB8V-L6I1J
 
Tool Versions:
Toolchain:       MDK-ARM Professional  Version: 5.14.0.0
Toolchain Path:  C:\Keil_v5\ARM\ARMCC\Bin
C Compiler:      Armcc.exe V5.05 update 1 (build 106)
Assembler:       Armasm.exe V5.05 update 1 (build 106)
Linker/Locator:  ArmLink.exe V5.05 update 1 (build 106)
Library Manager: ArmAr.exe V5.05 update 1 (build 106)
Hex Converter:   FromElf.exe V5.05 update 1 (build 106)
CPU DLL:         SARMCM3.DLL V5.14.0.0
Dialog DLL:      DARMSTM.DLL V1.65.0.0
Target DLL:      STLink\ST-LINKIII-KEIL_SWO.dll V2.0.14.0_KEIL
Dialog DLL:      TARMSTM.DLL V1.64.0.0
 
<h2>Project:</h2>
C:\Users\11523\Desktop\过去\lqh自动检测\USER\LQH.uvprojx
Project File Date:  06/21/2021

<h2>Output:</h2>
Build target 'ZDJC2020'
compiling main.c...
main.c(26): warning:  #1295-D: Deprecated declaration menu1 - give arg types
  void menu1();
main.c(27): warning:  #1295-D: Deprecated declaration menu - give arg types
  void menu();
main.c(28): warning:  #1295-D: Deprecated declaration menu2 - give arg types
  void menu2();
main.c(33): warning:  #177-D: variable "b" was declared but never referenced
        u8 *b;
main.c(34): warning:  #177-D: variable "t" was declared but never referenced
        u8 t=0;   
main.c(36): warning:  #177-D: variable "pm" was declared but never referenced
        u16 pm,co2Data,TVOCData;         
main.c(36): warning:  #550-D: variable "TVOCData" was set but never used
        u16 pm,co2Data,TVOCData;         
main.c(41): warning:  #177-D: variable "i" was declared but never referenced
        int i;
main.c: 8 warnings, 0 errors
linking...
Program Size: Code=11800 RO-data=336 RW-data=56 ZI-data=1832  
FromELF: creating hex file...
"..\OBJ\ZDJC2020.axf" - 0 Error(s), 8 Warning(s).

<h2>Collection of Component include folders:</h2>
  C:\Users\11523\Desktop\过去\lqh自动检测\USER\RTE
  C:\Keil_v5\ARM\PACK\Keil\STM32F1xx_DFP\1.0.5\Device\Include

<h2>Collection of Component Files used:</h2>
</pre>
</body>
</html>
