Component: ARM Compiler 5.05 update 1 (build 106) Tool: armlink [4d0efa]

==============================================================================

Section Cross References

    main.o(.text) refers to delay.o(.text) for delay_init
    main.o(.text) refers to misc.o(.text) for NVIC_PriorityGroupConfig
    main.o(.text) refers to usart.o(.text) for uart_init
    main.o(.text) refers to usart3.o(.text) for usart3_init
    main.o(.text) refers to esp8266.o(.text) for esp8266_start_trans
    main.o(.text) refers to mq135.o(.text) for mq135_Init
    main.o(.text) refers to dht11.o(.text) for DHT11_Init
    main.o(.text) refers to fflt_clz.o(x$fpl$ffltu) for __aeabi_ui2f
    main.o(.text) refers to f2d.o(x$fpl$f2d) for __aeabi_f2d
    main.o(.text) refers to dmul.o(x$fpl$dmul) for __aeabi_dmul
    main.o(.text) refers to d2f.o(x$fpl$d2f) for __aeabi_d2f
    main.o(.text) refers to faddsub_clz.o(x$fpl$fsub) for __aeabi_fsub
    main.o(.text) refers to fdiv.o(x$fpl$fdiv) for __aeabi_fdiv
    main.o(.text) refers to pow.o(i.pow) for pow
    main.o(.text) refers to ddiv.o(x$fpl$ddiv) for __aeabi_ddiv
    main.o(.text) refers to sqrt.o(i.sqrt) for sqrt
    main.o(.text) refers to drleqf.o(x$fpl$drleqf) for __aeabi_cdrcmple
    system_stm32f10x.o(.text) refers to system_stm32f10x.o(.data) for SystemCoreClock
    esp8266.o(.text) refers to _printf_percent.o(.ARM.Collect$$_printf_percent$$00000000) for _printf_percent
    esp8266.o(.text) refers to _printf_s.o(.ARM.Collect$$_printf_percent$$00000014) for _printf_s
    esp8266.o(.text) refers to _printf_str.o(.text) for _printf_str
    esp8266.o(.text) refers to strstr.o(.text) for strstr
    esp8266.o(.text) refers to usart3.o(.text) for u3_printf
    esp8266.o(.text) refers to delay.o(.text) for delay_ms
    esp8266.o(.text) refers to __2printf.o(.text) for __2printf
    esp8266.o(.text) refers to usart3.o(.data) for USART3_RX_STA
    esp8266.o(.text) refers to usart3.o(.bss) for USART3_RX_BUF
    timer.o(.text) refers to stm32f10x_tim.o(.text) for TIM_GetITStatus
    timer.o(.text) refers to stm32f10x_rcc.o(.text) for RCC_APB1PeriphClockCmd
    timer.o(.text) refers to misc.o(.text) for NVIC_Init
    timer.o(.text) refers to usart3.o(.data) for USART3_RX_STA
    usart3.o(.text) refers to stm32f10x_usart.o(.text) for USART_GetITStatus
    usart3.o(.text) refers to stm32f10x_tim.o(.text) for TIM_SetCounter
    usart3.o(.text) refers to stm32f10x_rcc.o(.text) for RCC_APB2PeriphClockCmd
    usart3.o(.text) refers to stm32f10x_gpio.o(.text) for GPIO_Init
    usart3.o(.text) refers to misc.o(.text) for NVIC_Init
    usart3.o(.text) refers to timer.o(.text) for TIM7_Int_Init
    usart3.o(.text) refers to c89vsprintf.o(.text) for __c89vsprintf
    usart3.o(.text) refers to strlen.o(.text) for strlen
    usart3.o(.text) refers to usart3.o(.data) for USART3_RX_STA
    usart3.o(.text) refers to usart3.o(.bss) for USART3_RX_BUF
    led.o(.text) refers to stm32f10x_rcc.o(.text) for RCC_APB2PeriphClockCmd
    led.o(.text) refers to stm32f10x_gpio.o(.text) for GPIO_Init
    dht11.o(.text) refers to delay.o(.text) for delay_ms
    dht11.o(.text) refers to stm32f10x_rcc.o(.text) for RCC_APB2PeriphClockCmd
    dht11.o(.text) refers to stm32f10x_gpio.o(.text) for GPIO_Init
    mq135.o(.text) refers to stm32f10x_rcc.o(.text) for RCC_APB2PeriphClockCmd
    mq135.o(.text) refers to stm32f10x_gpio.o(.text) for GPIO_Init
    mq135.o(.text) refers to stm32f10x_adc.o(.text) for ADC_DeInit
    mq135.o(.text) refers to delay.o(.text) for delay_ms
    delay.o(.text) refers to misc.o(.text) for SysTick_CLKSourceConfig
    delay.o(.text) refers to system_stm32f10x.o(.data) for SystemCoreClock
    delay.o(.text) refers to delay.o(.data) for fac_us
    usart.o(.text) refers (Special) to use_no_semi_2.o(.text) for __use_no_semihosting
    usart.o(.text) refers to stm32f10x_rcc.o(.text) for RCC_APB2PeriphClockCmd
    usart.o(.text) refers to stm32f10x_gpio.o(.text) for GPIO_Init
    usart.o(.text) refers to misc.o(.text) for NVIC_Init
    usart.o(.text) refers to stm32f10x_usart.o(.text) for USART_Init
    usart.o(.text) refers to usart.o(.data) for USART_RX_STA
    usart.o(.text) refers to usart.o(.bss) for USART_RX_BUF
    usart.o(.bss) refers (Special) to use_no_semi_2.o(.text) for __use_no_semihosting
    usart.o(.data) refers (Special) to use_no_semi_2.o(.text) for __use_no_semihosting
    startup_stm32f10x_hd.o(STACK) refers (Special) to heapauxi.o(.text) for __use_two_region_memory
    startup_stm32f10x_hd.o(HEAP) refers (Special) to heapauxi.o(.text) for __use_two_region_memory
    startup_stm32f10x_hd.o(RESET) refers (Special) to heapauxi.o(.text) for __use_two_region_memory
    startup_stm32f10x_hd.o(RESET) refers to startup_stm32f10x_hd.o(STACK) for __initial_sp
    startup_stm32f10x_hd.o(RESET) refers to startup_stm32f10x_hd.o(.text) for Reset_Handler
    startup_stm32f10x_hd.o(RESET) refers to stm32f10x_it.o(.text) for NMI_Handler
[...]
    x$fpl$dsub                               0x08005898   Section      468  daddsub_clz.o(x$fpl$dsub)
    _dsub1                                   0x080058a9   Thumb Code     0  daddsub_clz.o(x$fpl$dsub)
    x$fpl$f2d                                0x08005a6c   Section       86  f2d.o(x$fpl$f2d)
    x$fpl$fadd                               0x08005ac4   Section      196  faddsub_clz.o(x$fpl$fadd)
    _fadd1                                   0x08005ad3   Thumb Code     0  faddsub_clz.o(x$fpl$fadd)
    x$fpl$fdiv                               0x08005b88   Section      388  fdiv.o(x$fpl$fdiv)
    _fdiv1                                   0x08005b89   Thumb Code     0  fdiv.o(x$fpl$fdiv)
    x$fpl$ffltu                              0x08005d0c   Section       38  fflt_clz.o(x$fpl$ffltu)
    x$fpl$fnaninf                            0x08005d32   Section      140  fnaninf.o(x$fpl$fnaninf)
    x$fpl$fretinf                            0x08005dbe   Section       10  fretinf.o(x$fpl$fretinf)
    x$fpl$fsub                               0x08005dc8   Section      234  faddsub_clz.o(x$fpl$fsub)
    _fsub1                                   0x08005dd7   Thumb Code     0  faddsub_clz.o(x$fpl$fsub)
    x$fpl$printf1                            0x08005eb2   Section        4  printf1.o(x$fpl$printf1)
    x$fpl$retnan                             0x08005eb6   Section      100  retnan.o(x$fpl$retnan)
    x$fpl$scalbn                             0x08005f1a   Section       92  scalbn.o(x$fpl$scalbn)
    x$fpl$trapveneer                         0x08005f76   Section       48  trapv.o(x$fpl$trapveneer)
    .constdata                               0x08005fa6   Section       17  __printf_flags_ss_wp.o(.constdata)
    x$fpl$usenofp                            0x08005fa6   Section        0  usenofp.o(x$fpl$usenofp)
    maptable                                 0x08005fa6   Data          17  __printf_flags_ss_wp.o(.constdata)
    .constdata                               0x08005fb8   Section      136  pow.o(.constdata)
    bp                                       0x08005fb8   Data          16  pow.o(.constdata)
    dp_h                                     0x08005fc8   Data          16  pow.o(.constdata)
    dp_l                                     0x08005fd8   Data          16  pow.o(.constdata)
    L                                        0x08005fe8   Data          48  pow.o(.constdata)
    P                                        0x08006018   Data          40  pow.o(.constdata)
    .constdata                               0x08006040   Section        8  _printf_wctomb.o(.constdata)
    initial_mbstate                          0x08006040   Data           8  _printf_wctomb.o(.constdata)
    .constdata                               0x08006048   Section       40  _printf_hex_int_ll_ptr.o(.constdata)
    uc_hextab                                0x08006048   Data          20  _printf_hex_int_ll_ptr.o(.constdata)
    lc_hextab                                0x0800605c   Data          20  _printf_hex_int_ll_ptr.o(.constdata)
    .constdata                               0x08006070   Section        8  qnan.o(.constdata)
    .constdata                               0x08006078   Section      148  bigflt0.o(.constdata)
    tenpwrs_x                                0x08006078   Data          60  bigflt0.o(.constdata)
    tenpwrs_i                                0x080060b4   Data          64  bigflt0.o(.constdata)
    locale$$data                             0x0800612c   Section       28  lc_numeric_c.o(locale$$data)
    __lcnum_c_name                           0x08006130   Data           2  lc_numeric_c.o(locale$$data)
    __lcnum_c_start                          0x08006138   Data           0  lc_numeric_c.o(locale$$data)
    __lcnum_c_point                          0x08006144   Data           0  lc_numeric_c.o(locale$$data)
    __lcnum_c_thousands                      0x08006146   Data           0  lc_numeric_c.o(locale$$data)
    __lcnum_c_grouping                       0x08006147   Data           0  lc_numeric_c.o(locale$$data)
    locale$$data                             0x08006148   Section      272  lc_ctype_c.o(locale$$data)
    __lcnum_c_end                            0x08006148   Data           0  lc_numeric_c.o(locale$$data)
    __lcctype_c_name                         0x0800614c   Data           2  lc_ctype_c.o(locale$$data)
    __lcctype_c_start                        0x08006154   Data           0  lc_ctype_c.o(locale$$data)
    __lcctype_c_end                          0x08006258   Data           0  lc_ctype_c.o(locale$$data)
    .data                                    0x20000000   Section       20  system_stm32f10x.o(.data)
    .data                                    0x20000014   Section        2  usart3.o(.data)
    .data                                    0x20000016   Section        4  delay.o(.data)
    fac_us                                   0x20000016   Data           1  delay.o(.data)
    fac_ms                                   0x20000018   Data           2  delay.o(.data)
    .data                                    0x2000001c   Section        6  usart.o(.data)
    .data                                    0x20000022   Section       20  stm32f10x_rcc.o(.data)
    APBAHBPrescTable                         0x20000022   Data          16  stm32f10x_rcc.o(.data)
    ADCPrescTable                            0x20000032   Data           4  stm32f10x_rcc.o(.data)
    .bss                                     0x20000038   Section     1200  usart3.o(.bss)
    .bss                                     0x200004e8   Section      200  usart.o(.bss)
    .bss                                     0x200005b0   Section       96  libspace.o(.bss)
    HEAP                                     0x20000610   Section      512  startup_stm32f10x_hd.o(HEAP)
    Heap_Mem                                 0x20000610   Data         512  startup_stm32f10x_hd.o(HEAP)
    STACK                                    0x20000810   Section     1024  startup_stm32f10x_hd.o(STACK)
    Stack_Mem                                0x20000810   Data        1024  startup_stm32f10x_hd.o(STACK)
    __initial_sp                             0x20000c10   Data           0  startup_stm32f10x_hd.o(STACK)

    Global Symbols

    Symbol Name                              Value     Ov Type        Size  Object(Section)

    BuildAttributes$$THM_ISAv4$P$D$K$B$S$PE$A:L22UL41UL21$X:L11$S22US41US21$IEEE1$IW$USESV6$~STKCKD$USESV7$~SHL$OTIME$ROPI$IEEEX$EBA8$UX$STANDARDLIB$REQ8$PRES8$EABIv2 0x00000000   Number         0  anon$$obj.o ABSOLUTE
    __ARM_use_no_argv                        0x00000000   Number         0  main.o ABSOLUTE
    _printf_flags                            0x00000000   Number         0  printf_stubs.o ABSOLUTE
    _printf_return_value                     0x00000000   Number         0  printf_stubs.o ABSOLUTE
    _printf_sizespec                         0x00000000   Number         0  printf_stubs.o ABSOLUTE
    _printf_widthprec                        0x00000000   Number         0  printf_stubs.o ABSOLUTE
    __ARM_exceptions_init                     - Undefined Weak Reference
    __alloca_initialize                       - Undefined Weak Reference
    __arm_preinit_                            - Undefined Weak Reference
    __cpp_initialize__aeabi_                  - Undefined Weak Reference
    __cxa_finalize                            - Undefined Weak Reference
    __sigvec_lookup                           - Undefined Weak Reference
    _atexit_init                              - Undefined Weak Reference
    _call_atexit_fns                          - Undefined Weak Reference
    _clock_init                               - Undefined Weak Reference
    _fp_trap_init                             - Undefined Weak Reference
    _fp_trap_shutdown                         - Undefined Weak Reference
    _get_lc_collate                           - Undefined Weak Reference
    _get_lc_monetary                          - Undefined Weak Reference
    _get_lc_time                              - Undefined Weak Reference
    _getenv_init                              - Undefined Weak Reference
    _handle_redirection                       - Undefined Weak Reference
    _init_alloc                               - Undefined Weak Reference
    _init_user_alloc                          - Undefined Weak Reference
    _initio                                   - Undefined Weak Reference
    _mutex_acquire                            - Undefined Weak Reference
    _mutex_release                            - Undefined Weak Reference
    _printf_fp_hex                            - Undefined Weak Reference
    _printf_mbtowc                            - Undefined Weak Reference
    _printf_wc                                - Undefined Weak Reference
    _rand_init                                - Undefined Weak Reference
    _signal_finish                            - Undefined Weak Reference
    _signal_init                              - Undefined Weak Reference
    _terminate_alloc                          - Undefined Weak Reference
    _terminate_user_alloc                     - Undefined Weak Reference
    _terminateio                              - Undefined Weak Reference
    __Vectors_Size                           0x00000130   Number         0  startup_stm32f10x_hd.o ABSOLUTE
    __Vectors                                0x08000000   Data           4  startup_stm32f10x_hd.o(RESET)
    __Vectors_End                            0x08000130   Data           0  startup_stm32f10x_hd.o(RESET)
    __main                                   0x08000131   Thumb Code     8  __main.o(!!!main)
    __scatterload                            0x08000139   Thumb Code     0  __scatter.o(!!!scatter)
    __scatterload_rt2                        0x08000139   Thumb Code    44  __scatter.o(!!!scatter)
    __scatterload_rt2_thumb_only             0x08000139   Thumb Code     0  __scatter.o(!!!scatter)
    __scatterload_null                       0x08000147   Thumb Code     0  __scatter.o(!!!scatter)
    __scatterload_copy                       0x0800016d   Thumb Code    26  __scatter_copy.o(!!handler_copy)
    __scatterload_zeroinit                   0x08000189   Thumb Code    28  __scatter_zi.o(!!handler_zi)
    _printf_n                                0x080001a5   Thumb Code     0  _printf_n.o(.ARM.Collect$$_printf_percent$$00000001)
    _printf_percent                          0x080001a5   Thumb Code     0  _printf_percent.o(.ARM.Collect$$_printf_percent$$00000000)
    _printf_p                                0x080001ab   Thumb Code     0  _printf_p.o(.ARM.Collect$$_printf_percent$$00000002)
    _printf_f                                0x080001b1   Thumb Code     0  _printf_f.o(.ARM.Collect$$_printf_percent$$00000003)
    _printf_e                                0x080001b7   Thumb Code     0  _printf_e.o(.ARM.Collect$$_printf_percent$$00000004)
    _printf_g                                0x080001bd   Thumb Code     0  _printf_g.o(.ARM.Collect$$_printf_percent$$00000005)
    _printf_a                                0x080001c3   Thumb Code     0  _printf_a.o(.ARM.Collect$$_printf_percent$$00000006)
    _printf_ll                               0x080001c9   Thumb Code     0  _printf_ll.o(.ARM.Collect$$_printf_percent$$00000007)
    _printf_i                                0x080001d3   Thumb Code     0  _printf_i.o(.ARM.Collect$$_printf_percent$$00000008)
    _printf_d                                0x080001d9   Thumb Code     0  _printf_d.o(.ARM.Collect$$_printf_percent$$00000009)
    _printf_u                                0x080001df   Thumb Code     0  _printf_u.o(.ARM.Collect$$_printf_percent$$0000000A)
    _printf_o                                0x080001e5   Thumb Code     0  _printf_o.o(.ARM.Collect$$_printf_percent$$0000000B)
    _printf_x                                0x080001eb   Thumb Code     0  _printf_x.o(.ARM.Collect$$_printf_percent$$0000000C)
    _printf_lli                              0x080001f1   Thumb Code     0  _printf_lli.o(.ARM.Collect$$_printf_percent$$0000000D)
    _printf_lld                              0x080001f7   Thumb Code     0  _printf_lld.o(.ARM.Collect$$_printf_percent$$0000000E)
    _printf_llu                              0x080001fd   Thumb Code     0  _printf_llu.o(.ARM.Collect$$_printf_percent$$0000000F)
    _printf_llo                              0x08000203   Thumb Code     0  _printf_llo.o(.ARM.Collect$$_printf_percent$$00000010)
    _printf_llx                              0x08000209   Thumb Code     0  _printf_llx.o(.ARM.Collect$$_printf_percent$$00000011)
    _printf_l                                0x0800020f   Thumb Code     0  _printf_l.o(.ARM.Collect$$_printf_percent$$00000012)
    _printf_c                                0x08000219   Thumb Code     0  _printf_c.o(.ARM.Collect$$_printf_percent$$00000013)
    _printf_s                                0x0800021f   Thumb Code     0  _printf_s.o(.ARM.Collect$$_printf_percent$$00000014)
    _printf_lc                               0x08000225   Thumb Code     0  _printf_lc.o(.ARM.Collect$$_printf_percent$$00000015)
    _printf_ls                               0x0800022b   Thumb Code     0  _printf_ls.o(.ARM.Collect$$_printf_percent$$00000016)
    _printf_percent_end                      0x08000231   Thumb Code     0  _printf_percent_end.o(.ARM.Collect$$_printf_percent$$00000017)
    __rt_lib_init                            0x08000235   Thumb Code     0  libinit.o(.ARM.Collect$$libinit$$00000000)
    __rt_lib_init_fp_1                       0x08000237   Thumb Code     0  libinit2.o(.ARM.Collect$$libinit$$00000002)
    __rt_lib_init_heap_1                     0x08000237   Thumb Code     0  libinit2.o(.ARM.Collect$$libinit$$0000000A)
    __rt_lib_init_lc_common                  0x08000237   Thumb Code     0  libinit2.o(.ARM.Collect$$libinit$$0000000F)
    __rt_lib_init_preinit_1                  0x08000237   Thumb Code     0  libinit2.o(.ARM.Collect$$libinit$$00000004)
    __rt_lib_init_rand_1                     0x08000237   Thumb Code     0  libinit2.o(.ARM.Collect$$libinit$$0000000E)
    __rt_lib_init_user_alloc_1               0x08000237   Thumb Code     0  libinit2.o(.ARM.Collect$$libinit$$0000000C)
    __rt_lib_init_lc_collate_1               0x0800023d   Thumb Code     0  libinit2.o(.ARM.Collect$$libinit$$00000011)
    __rt_lib_init_lc_ctype_2                 0x0800023d   Thumb Code     0  libinit2.o(.ARM.Collect$$libinit$$00000012)
    __rt_lib_init_lc_ctype_1                 0x08000249   Thumb Code     0  libinit2.o(.ARM.Collect$$libinit$$00000013)
    __rt_lib_init_lc_monetary_1              0x08000249   Thumb Code     0  libinit2.o(.ARM.Collect$$libinit$$00000015)
    __rt_lib_init_lc_numeric_2               0x08000249   Thumb Code     0  libinit2.o(.ARM.Collect$$libinit$$00000016)
    __rt_lib_init_alloca_1                   0x08000253   Thumb Code     0  libinit2.o(.ARM.Collect$$libinit$$0000002E)
    __rt_lib_init_argv_1                     0x08000253   Thumb Code     0  libinit2.o(.ARM.Collect$$libinit$$0000002C)
    __rt_lib_init_atexit_1                   0x08000253   Thumb Code     0  libinit2.o(.ARM.Collect$$libinit$$0000001B)
    __rt_lib_init_clock_1                    0x08000253   Thumb Code     0  libinit2.o(.ARM.Collect$$libinit$$00000021)
    __rt_lib_init_cpp_1                      0x08000253   Thumb Code     0  libinit2.o(.ARM.Collect$$libinit$$00000032)
    __rt_lib_init_exceptions_1               0x08000253   Thumb Code     0  libinit2.o(.ARM.Collect$$libinit$$00000030)
    __rt_lib_init_fp_trap_1                  0x08000253   Thumb Code     0  libinit2.o(.ARM.Collect$$libinit$$0000001F)
    __rt_lib_init_getenv_1                   0x08000253   Thumb Code     0  libinit2.o(.ARM.Collect$$libinit$$00000023)
    __rt_lib_init_lc_numeric_1               0x08000253   Thumb Code     0  libinit2.o(.ARM.Collect$$libinit$$00000017)
    __rt_lib_init_lc_time_1                  0x08000253   Thumb Code     0  libinit2.o(.ARM.Collect$$libinit$$00000019)
    __rt_lib_init_return                     0x08000253   Thumb Code     0  libinit2.o(.ARM.Collect$$libinit$$00000033)
    __rt_lib_init_signal_1                   0x08000253   Thumb Code     0  libinit2.o(.ARM.Collect$$libinit$$0000001D)
    __rt_lib_init_stdio_1                    0x08000253   Thumb Code     0  libinit2.o(.ARM.Collect$$libinit$$00000025)
    __rt_lib_shutdown                        0x08000255   Thumb Code     0  libshutdown.o(.ARM.Collect$$libshutdown$$00000000)
    __rt_lib_shutdown_fp_trap_1              0x08000257   Thumb Code     0  libshutdown2.o(.ARM.Collect$$libshutdown$$00000006)
    __rt_lib_shutdown_heap_1                 0x08000257   Thumb Code     0  libshutdown2.o(.ARM.Collect$$libshutdown$$0000000E)
    __rt_lib_shutdown_return                 0x08000257   Thumb Code     0  libshutdown2.o(.ARM.Collect$$libshutdown$$0000000F)
    __rt_lib_shutdown_signal_1               0x08000257   Thumb Code     0  libshutdown2.o(.ARM.Collect$$libshutdown$$00000009)
    __rt_lib_shutdown_stdio_1                0x08000257   Thumb Code     0  libshutdown2.o(.ARM.Collect$$libshutdown$$00000003)
    __rt_lib_shutdown_user_alloc_1           0x08000257   Thumb Code     0  libshutdown2.o(.ARM.Collect$$libshutdown$$0000000B)
    __rt_entry                               0x08000259   Thumb Code     0  __rtentry.o(.ARM.Collect$$rtentry$$00000000)
    __rt_entry_presh_1                       0x08000259   Thumb Code     0  __rtentry2.o(.ARM.Collect$$rtentry$$00000002)
    __rt_entry_sh                            0x08000259   Thumb Code     0  __rtentry4.o(.ARM.Collect$$rtentry$$00000004)
    __rt_entry_li                            0x0800025f   Thumb Code     0  __rtentry2.o(.ARM.Collect$$rtentry$$0000000A)
    __rt_entry_postsh_1                      0x0800025f   Thumb Code     0  __rtentry2.o(.ARM.Collect$$rtentry$$00000009)
    __rt_entry_main                          0x08000263   Thumb Code     0  __rtentry2.o(.ARM.Collect$$rtentry$$0000000D)
    __rt_entry_postli_1                      0x08000263   Thumb Code     0  __rtentry2.o(.ARM.Collect$$rtentry$$0000000C)
    __rt_exit                                0x0800026b   Thumb Code     0  rtexit.o(.ARM.Collect$$rtexit$$00000000)
    __rt_exit_ls                             0x0800026d   Thumb Code     0  rtexit2.o(.ARM.Collect$$rtexit$$00000003)
    __rt_exit_prels_1                        0x0800026d   Thumb Code     0  rtexit2.o(.ARM.Collect$$rtexit$$00000002)
    __rt_exit_exit                           0x08000271   Thumb Code     0  rtexit2.o(.ARM.Collect$$rtexit$$00000004)
    main                                     0x08000279   Thumb Code   264  main.o(.text)
    NMI_Handler                              0x080003dd   Thumb Code     2  stm32f10x_it.o(.text)
    HardFault_Handler                        0x080003df   Thumb Code     4  stm32f10x_it.o(.text)
    MemManage_Handler                        0x080003e3   Thumb Code     4  stm32f10x_it.o(.text)
    BusFault_Handler                         0x080003e7   Thumb Code     4  stm32f10x_it.o(.text)
    UsageFault_Handler                       0x080003eb   Thumb Code     4  stm32f10x_it.o(.text)
    SVC_Handler                              0x080003ef   Thumb Code     2  stm32f10x_it.o(.text)
    DebugMon_Handler                         0x080003f1   Thumb Code     2  stm32f10x_it.o(.text)
    PendSV_Handler                           0x080003f3   Thumb Code     2  stm32f10x_it.o(.text)
    SysTick_Handler                          0x080003f5   Thumb Code     2  stm32f10x_it.o(.text)
    SystemInit                               0x080004d7   Thumb Code    78  system_stm32f10x.o(.text)
    SystemCoreClockUpdate                    0x08000525   Thumb Code   142  system_stm32f10x.o(.text)
    esp8266_check_cmd                        0x080005d9   Thumb Code    44  esp8266.o(.text)
    esp8266_send_cmd                         0x08000605   Thumb Code    92  esp8266.o(.text)
    esp8266_start_trans                      0x08000661   Thumb Code   120  esp8266.o(.text)
    esp8266_quit_trans                       0x080006d9   Thumb Code    50  esp8266.o(.text)
    esp8266_send_data                        0x0800070b   Thumb Code    88  esp8266.o(.text)
    TIM7_IRQHandler                          0x08000859   Thumb Code    42  timer.o(.text)
    TIM7_Int_Init                            0x08000883   Thumb Code    90  timer.o(.text)
    USART3_IRQHandler                        0x080008e5   Thumb Code    94  usart3.o(.text)
    usart3_init                              0x08000943   Thumb Code   192  usart3.o(.text)
    u3_printf                                0x08000a03   Thumb Code    72  usart3.o(.text)
    DHT11_Rst                                0x08000a65   Thumb Code    52  dht11.o(.text)
    DHT11_Check                              0x08000a99   Thumb Code    96  dht11.o(.text)
    DHT11_Read_Bit                           0x08000af9   Thumb Code    76  dht11.o(.text)
    DHT11_Read_Byte                          0x08000b45   Thumb Code    30  dht11.o(.text)
    DHT11_Read_Data                          0x08000b63   Thumb Code    88  dht11.o(.text)
    DHT11_Init                               0x08000bbb   Thumb Code    54  dht11.o(.text)
    mq135_Init                               0x08000bfd   Thumb Code   132  mq135.o(.text)
    Get_mq135                                0x08000c81   Thumb Code    46  mq135.o(.text)
    Get_mq135_Average                        0x08000caf   Thumb Code    46  mq135.o(.text)
    delay_init                               0x08000ce5   Thumb Code    50  delay.o(.text)
    delay_us                                 0x08000d17   Thumb Code    72  delay.o(.text)
    delay_ms                                 0x08000d5f   Thumb Code    72  delay.o(.text)
    _sys_exit                                0x08000db9   Thumb Code     6  usart.o(.text)
    fputc                                    0x08000dbf   Thumb Code    24  usart.o(.text)
    uart_init                                0x08000dd7   Thumb Code   152  usart.o(.text)
    USART1_IRQHandler                        0x08000e6f   Thumb Code   122  usart.o(.text)
    Reset_Handler                            0x08000ef9   Thumb Code     8  startup_stm32f10x_hd.o(.text)
    ADC1_2_IRQHandler                        0x08000f13   Thumb Code     0  startup_stm32f10x_hd.o(.text)
    ADC3_IRQHandler                          0x08000f13   Thumb Code     0  startup_stm32f10x_hd.o(.text)
    CAN1_RX1_IRQHandler                      0x08000f13   Thumb Code     0  startup_stm32f10x_hd.o(.text)
    CAN1_SCE_IRQHandler                      0x08000f13   Thumb Code     0  startup_stm32f10x_hd.o(.text)
    DMA1_Channel1_IRQHandler                 0x08000f13   Thumb Code     0  startup_stm32f10x_hd.o(.text)
    DMA1_Channel2_IRQHandler                 0x08000f13   Thumb Code     0  startup_stm32f10x_hd.o(.text)
    DMA1_Channel3_IRQHandler                 0x08000f13   Thumb Code     0  startup_stm32f10x_hd.o(.text)
    DMA1_Channel4_IRQHandler                 0x08000f13   Thumb Code     0  startup_stm32f10x_hd.o(.text)
    DMA1_Channel5_IRQHandler                 0x08000f13   Thumb Code     0  startup_stm32f10x_hd.o(.text)
    DMA1_Channel6_IRQHandler                 0x08000f13   Thumb Code     0  startup_stm32f10x_hd.o(.text)
    DMA1_Channel7_IRQHandler                 0x08000f13   Thumb Code     0  startup_stm32f10x_hd.o(.text)
    DMA2_Channel1_IRQHandler                 0x08000f13   Thumb Code     0  startup_stm32f10x_hd.o(.text)
    DMA2_Channel2_IRQHandler                 0x08000f13   Thumb Code     0  startup_stm32f10x_hd.o(.text)
    DMA2_Channel3_IRQHandler                 0x08000f13   Thumb Code     0  startup_stm32f10x_hd.o(.text)
    DMA2_Channel4_5_IRQHandler               0x08000f13   Thumb Code     0  startup_stm32f10x_hd.o(.text)
    EXTI0_IRQHandler                         0x08000f13   Thumb Code     0  startup_stm32f10x_hd.o(.text)
    EXTI15_10_IRQHandler                     0x08000f13   Thumb Code     0  startup_stm32f10x_hd.o(.text)
    EXTI1_IRQHandler                         0x08000f13   Thumb Code     0  startup_stm32f10x_hd.o(.text)
    EXTI2_IRQHandler                         0x08000f13   Thumb Code     0  startup_stm32f10x_hd.o(.text)
    EXTI3_IRQHandler                         0x08000f13   Thumb Code     0  startup_stm32f10x_hd.o(.text)
    EXTI4_IRQHandler                         0x08000f13   Thumb Code     0  startup_stm32f10x_hd.o(.text)
    EXTI9_5_IRQHandler                       0x08000f13   Thumb Code     0  startup_stm32f10x_hd.o(.text)
    FLASH_IRQHandler                         0x08000f13   Thumb Code     0  startup_stm32f10x_hd.o(.text)
    FSMC_IRQHandler                          0x08000f13   Thumb Code     0  startup_stm32f10x_hd.o(.text)
    I2C1_ER_IRQHandler                       0x08000f13   Thumb Code     0  startup_stm32f10x_hd.o(.text)
    I2C1_EV_IRQHandler                       0x08000f13   Thumb Code     0  startup_stm32f10x_hd.o(.text)
    I2C2_ER_IRQHandler                       0x08000f13   Thumb Code     0  startup_stm32f10x_hd.o(.text)
    I2C2_EV_IRQHandler                       0x08000f13   Thumb Code     0  startup_stm32f10x_hd.o(.text)
    PVD_IRQHandler                           0x08000f13   Thumb Code     0  startup_stm32f10x_hd.o(.text)
    RCC_IRQHandler                           0x08000f13   Thumb Code     0  startup_stm32f10x_hd.o(.text)
    RTCAlarm_IRQHandler                      0x08000f13   Thumb Code     0  startup_stm32f10x_hd.o(.text)
    RTC_IRQHandler                           0x08000f13   Thumb Code     0  startup_stm32f10x_hd.o(.text)
    SDIO_IRQHandler                          0x08000f13   Thumb Code     0  startup_stm32f10x_hd.o(.text)
    SPI1_IRQHandler                          0x08000f13   Thumb Code     0  startup_stm32f10x_hd.o(.text)
    SPI2_IRQHandler                          0x08000f13   Thumb Code     0  startup_stm32f10x_hd.o(.text)
    SPI3_IRQHandler                          0x08000f13   Thumb Code     0  startup_stm32f10x_hd.o(.text)
    TAMPER_IRQHandler                        0x08000f13   Thumb Code     0  startup_stm32f10x_hd.o(.text)
    TIM1_BRK_IRQHandler                      0x08000f13   Thumb Code     0  startup_stm32f10x_hd.o(.text)
    TIM1_CC_IRQHandler                       0x08000f13   Thumb Code     0  startup_stm32f10x_hd.o(.text)
    TIM1_TRG_COM_IRQHandler                  0x08000f13   Thumb Code     0  startup_stm32f10x_hd.o(.text)
    TIM1_UP_IRQHandler                       0x08000f13   Thumb Code     0  startup_stm32f10x_hd.o(.text)
    TIM2_IRQHandler                          0x08000f13   Thumb Code     0  startup_stm32f10x_hd.o(.text)
    TIM3_IRQHandler                          0x08000f13   Thumb Code     0  startup_stm32f10x_hd.o(.text)
    TIM4_IRQHandler                          0x08000f13   Thumb Code     0  startup_stm32f10x_hd.o(.text)
    TIM5_IRQHandler                          0x08000f13   Thumb Code     0  startup_stm32f10x_hd.o(.text)
    TIM6_IRQHandler                          0x08000f13   Thumb Code     0  startup_stm32f10x_hd.o(.text)
    TIM8_BRK_IRQHandler                      0x08000f13   Thumb Code     0  startup_stm32f10x_hd.o(.text)
    TIM8_CC_IRQHandler                       0x08000f13   Thumb Code     0  startup_stm32f10x_hd.o(.text)
    TIM8_TRG_COM_IRQHandler                  0x08000f13   Thumb Code     0  startup_stm32f10x_hd.o(.text)
    TIM8_UP_IRQHandler                       0x08000f13   Thumb Code     0  startup_stm32f10x_hd.o(.text)
    UART4_IRQHandler                         0x08000f13   Thumb Code     0  startup_stm32f10x_hd.o(.text)
    UART5_IRQHandler                         0x08000f13   Thumb Code     0  startup_stm32f10x_hd.o(.text)
    USART2_IRQHandler                        0x08000f13   Thumb Code     0  startup_stm32f10x_hd.o(.text)
    USBWakeUp_IRQHandler                     0x08000f13   Thumb Code     0  startup_stm32f10x_hd.o(.text)
    USB_HP_CAN1_TX_IRQHandler                0x08000f13   Thumb Code     0  startup_stm32f10x_hd.o(.text)
    USB_LP_CAN1_RX0_IRQHandler               0x08000f13   Thumb Code     0  startup_stm32f10x_hd.o(.text)
    WWDG_IRQHandler                          0x08000f13   Thumb Code     0  startup_stm32f10x_hd.o(.text)
    __user_initial_stackheap                 0x08000f15   Thumb Code     0  startup_stm32f10x_hd.o(.text)
    NVIC_PriorityGroupConfig                 0x08000f39   Thumb Code    10  misc.o(.text)
    NVIC_Init                                0x08000f43   Thumb Code   100  misc.o(.text)
    NVIC_SetVectorTable                      0x08000fa7   Thumb Code    14  misc.o(.text)
    NVIC_SystemLPConfig                      0x08000fb5   Thumb Code    34  misc.o(.text)
    SysTick_CLKSourceConfig                  0x08000fd7   Thumb Code    40  misc.o(.text)
    GPIO_DeInit                              0x08001015   Thumb Code   172  stm32f10x_gpio.o(.text)
    GPIO_AFIODeInit                          0x080010c1   Thumb Code    20  stm32f10x_gpio.o(.text)
    GPIO_Init                                0x080010d5   Thumb Code   278  stm32f10x_gpio.o(.text)
    GPIO_StructInit                          0x080011eb   Thumb Code    16  stm32f10x_gpio.o(.text)
    GPIO_ReadInputDataBit                    0x080011fb   Thumb Code    18  stm32f10x_gpio.o(.text)
    GPIO_ReadInputData                       0x0800120d   Thumb Code     8  stm32f10x_gpio.o(.text)
    GPIO_ReadOutputDataBit                   0x08001215   Thumb Code    18  stm32f10x_gpio.o(.text)
    GPIO_ReadOutputData                      0x08001227   Thumb Code     8  stm32f10x_gpio.o(.text)
    GPIO_SetBits                             0x0800122f   Thumb Code     4  stm32f10x_gpio.o(.text)
    GPIO_ResetBits                           0x08001233   Thumb Code     4  stm32f10x_gpio.o(.text)
    GPIO_WriteBit                            0x08001237   Thumb Code    10  stm32f10x_gpio.o(.text)
    GPIO_Write                               0x08001241   Thumb Code     4  stm32f10x_gpio.o(.text)
    GPIO_PinLockConfig                       0x08001245   Thumb Code    18  stm32f10x_gpio.o(.text)
    GPIO_EventOutputConfig                   0x08001257   Thumb Code    26  stm32f10x_gpio.o(.text)
    GPIO_EventOutputCmd                      0x08001271   Thumb Code     6  stm32f10x_gpio.o(.text)
    GPIO_PinRemapConfig                      0x08001277   Thumb Code   138  stm32f10x_gpio.o(.text)
    GPIO_EXTILineConfig                      0x08001301   Thumb Code    66  stm32f10x_gpio.o(.text)
    GPIO_ETH_MediaInterfaceConfig            0x08001343   Thumb Code     8  stm32f10x_gpio.o(.text)
    RCC_DeInit                               0x08001371   Thumb Code    64  stm32f10x_rcc.o(.text)
    RCC_HSEConfig                            0x080013b1   Thumb Code    70  stm32f10x_rcc.o(.text)
    RCC_GetFlagStatus                        0x080013f7   Thumb Code    56  stm32f10x_rcc.o(.text)
    RCC_WaitForHSEStartUp                    0x0800142f   Thumb Code    56  stm32f10x_rcc.o(.text)
    RCC_AdjustHSICalibrationValue            0x08001467   Thumb Code    20  stm32f10x_rcc.o(.text)
    RCC_HSICmd                               0x0800147b   Thumb Code     6  stm32f10x_rcc.o(.text)
    RCC_PLLConfig                            0x08001481   Thumb Code    24  stm32f10x_rcc.o(.text)
    RCC_PLLCmd                               0x08001499   Thumb Code     6  stm32f10x_rcc.o(.text)
    RCC_SYSCLKConfig                         0x0800149f   Thumb Code    18  stm32f10x_rcc.o(.text)
    RCC_GetSYSCLKSource                      0x080014b1   Thumb Code    10  stm32f10x_rcc.o(.text)
    RCC_HCLKConfig                           0x080014bb   Thumb Code    18  stm32f10x_rcc.o(.text)
    RCC_PCLK1Config                          0x080014cd   Thumb Code    18  stm32f10x_rcc.o(.text)
    RCC_PCLK2Config                          0x080014df   Thumb Code    20  stm32f10x_rcc.o(.text)
    RCC_ITConfig                             0x080014f3   Thumb Code    26  stm32f10x_rcc.o(.text)
    RCC_USBCLKConfig                         0x0800150d   Thumb Code     8  stm32f10x_rcc.o(.text)
    RCC_ADCCLKConfig                         0x08001515   Thumb Code    18  stm32f10x_rcc.o(.text)
    RCC_LSEConfig                            0x08001527   Thumb Code    50  stm32f10x_rcc.o(.text)
    RCC_LSICmd                               0x08001559   Thumb Code     6  stm32f10x_rcc.o(.text)
    RCC_RTCCLKConfig                         0x0800155f   Thumb Code    12  stm32f10x_rcc.o(.text)
    RCC_RTCCLKCmd                            0x0800156b   Thumb Code     8  stm32f10x_rcc.o(.text)
    RCC_GetClocksFreq                        0x08001573   Thumb Code   192  stm32f10x_rcc.o(.text)
    RCC_AHBPeriphClockCmd                    0x08001633   Thumb Code    26  stm32f10x_rcc.o(.text)
    RCC_APB2PeriphClockCmd                   0x0800164d   Thumb Code    26  stm32f10x_rcc.o(.text)
    RCC_APB1PeriphClockCmd                   0x08001667   Thumb Code    26  stm32f10x_rcc.o(.text)
    RCC_APB2PeriphResetCmd                   0x08001681   Thumb Code    26  stm32f10x_rcc.o(.text)
    RCC_APB1PeriphResetCmd                   0x0800169b   Thumb Code    26  stm32f10x_rcc.o(.text)
    RCC_BackupResetCmd                       0x080016b5   Thumb Code     8  stm32f10x_rcc.o(.text)
    RCC_ClockSecuritySystemCmd               0x080016bd   Thumb Code     6  stm32f10x_rcc.o(.text)
    RCC_MCOConfig                            0x080016c3   Thumb Code     6  stm32f10x_rcc.o(.text)
    RCC_ClearFlag                            0x080016c9   Thumb Code    14  stm32f10x_rcc.o(.text)
    RCC_GetITStatus                          0x080016d7   Thumb Code    20  stm32f10x_rcc.o(.text)
    RCC_ClearITPendingBit                    0x080016eb   Thumb Code     6  stm32f10x_rcc.o(.text)
    USART_DeInit                             0x08001715   Thumb Code   134  stm32f10x_usart.o(.text)
    USART_Init                               0x0800179b   Thumb Code   210  stm32f10x_usart.o(.text)
    USART_StructInit                         0x0800186d   Thumb Code    24  stm32f10x_usart.o(.text)
    USART_ClockInit                          0x08001885   Thumb Code    34  stm32f10x_usart.o(.text)
    USART_ClockStructInit                    0x080018a7   Thumb Code    12  stm32f10x_usart.o(.text)
    USART_Cmd                                0x080018b3   Thumb Code    24  stm32f10x_usart.o(.text)
    USART_ITConfig                           0x080018cb   Thumb Code    74  stm32f10x_usart.o(.text)
    USART_DMACmd                             0x08001915   Thumb Code    18  stm32f10x_usart.o(.text)
    USART_SetAddress                         0x08001927   Thumb Code    18  stm32f10x_usart.o(.text)
    USART_WakeUpConfig                       0x08001939   Thumb Code    18  stm32f10x_usart.o(.text)
    USART_ReceiverWakeUpCmd                  0x0800194b   Thumb Code    24  stm32f10x_usart.o(.text)
    USART_LINBreakDetectLengthConfig         0x08001963   Thumb Code    18  stm32f10x_usart.o(.text)
    USART_LINCmd                             0x08001975   Thumb Code    24  stm32f10x_usart.o(.text)
    USART_SendData                           0x0800198d   Thumb Code     8  stm32f10x_usart.o(.text)
    USART_ReceiveData                        0x08001995   Thumb Code    10  stm32f10x_usart.o(.text)
    USART_SendBreak                          0x0800199f   Thumb Code    10  stm32f10x_usart.o(.text)
    USART_SetGuardTime                       0x080019a9   Thumb Code    16  stm32f10x_usart.o(.text)
    USART_SetPrescaler                       0x080019b9   Thumb Code    16  stm32f10x_usart.o(.text)
    USART_SmartCardCmd                       0x080019c9   Thumb Code    24  stm32f10x_usart.o(.text)
    USART_SmartCardNACKCmd                   0x080019e1   Thumb Code    24  stm32f10x_usart.o(.text)
    USART_HalfDuplexCmd                      0x080019f9   Thumb Code    24  stm32f10x_usart.o(.text)
    USART_OverSampling8Cmd                   0x08001a11   Thumb Code    22  stm32f10x_usart.o(.text)
    USART_OneBitMethodCmd                    0x08001a27   Thumb Code    24  stm32f10x_usart.o(.text)
    USART_IrDAConfig                         0x08001a3f   Thumb Code    18  stm32f10x_usart.o(.text)
    USART_IrDACmd                            0x08001a51   Thumb Code    24  stm32f10x_usart.o(.text)
    USART_GetFlagStatus                      0x08001a69   Thumb Code    26  stm32f10x_usart.o(.text)
    USART_ClearFlag                          0x08001a83   Thumb Code    18  stm32f10x_usart.o(.text)
    USART_GetITStatus                        0x08001a95   Thumb Code    84  stm32f10x_usart.o(.text)
    USART_ClearITPendingBit                  0x08001ae9   Thumb Code    52  stm32f10x_usart.o(.text)
    TIM_DeInit                               0x08001b1d   Thumb Code   424  stm32f10x_tim.o(.text)
    TIM_TimeBaseInit                         0x08001cc5   Thumb Code   122  stm32f10x_tim.o(.text)
    TIM_OC1Init                              0x08001d3f   Thumb Code   132  stm32f10x_tim.o(.text)
    TIM_OC2Init                              0x08001dc3   Thumb Code   154  stm32f10x_tim.o(.text)
    TIM_OC3Init                              0x08001e5d   Thumb Code   150  stm32f10x_tim.o(.text)
    TIM_OC4Init                              0x08001ef3   Thumb Code   182  stm32f10x_tim.o(.text)
    TIM_SetIC4Prescaler                      0x08001fa9   Thumb Code    26  stm32f10x_tim.o(.text)
    TIM_SetIC3Prescaler                      0x08002045   Thumb Code    18  stm32f10x_tim.o(.text)
    TIM_SetIC2Prescaler                      0x080020d1   Thumb Code    26  stm32f10x_tim.o(.text)
    TIM_SetIC1Prescaler                      0x0800216d   Thumb Code    18  stm32f10x_tim.o(.text)
    TIM_ICInit                               0x080021eb   Thumb Code   150  stm32f10x_tim.o(.text)
    TIM_PWMIConfig                           0x08002281   Thumb Code   124  stm32f10x_tim.o(.text)
    TIM_BDTRConfig                           0x080022fd   Thumb Code    32  stm32f10x_tim.o(.text)
    TIM_TimeBaseStructInit                   0x0800231d   Thumb Code    18  stm32f10x_tim.o(.text)
    TIM_OCStructInit                         0x0800232f   Thumb Code    20  stm32f10x_tim.o(.text)
    TIM_ICStructInit                         0x08002343   Thumb Code    18  stm32f10x_tim.o(.text)
    TIM_BDTRStructInit                       0x08002355   Thumb Code    40  stm32f10x_tim.o(.text)
    TIM_Cmd                                  0x0800237d   Thumb Code    24  stm32f10x_tim.o(.text)
    TIM_CtrlPWMOutputs                       0x08002395   Thumb Code    30  stm32f10x_tim.o(.text)
    TIM_ITConfig                             0x080023b3   Thumb Code    18  stm32f10x_tim.o(.text)
    TIM_GenerateEvent                        0x080023c5   Thumb Code     4  stm32f10x_tim.o(.text)
    TIM_DMAConfig                            0x080023c9   Thumb Code    10  stm32f10x_tim.o(.text)
    TIM_DMACmd                               0x080023d3   Thumb Code    18  stm32f10x_tim.o(.text)
    TIM_InternalClockConfig                  0x080023e5   Thumb Code    12  stm32f10x_tim.o(.text)
    TIM_SelectInputTrigger                   0x080023f1   Thumb Code    18  stm32f10x_tim.o(.text)
    TIM_ITRxExternalClockConfig              0x08002403   Thumb Code    24  stm32f10x_tim.o(.text)
    TIM_TIxExternalClockConfig               0x0800241b   Thumb Code    62  stm32f10x_tim.o(.text)
    TIM_ETRConfig                            0x08002459   Thumb Code    28  stm32f10x_tim.o(.text)
    TIM_ETRClockMode1Config                  0x08002475   Thumb Code    54  stm32f10x_tim.o(.text)
    TIM_ETRClockMode2Config                  0x080024ab   Thumb Code    32  stm32f10x_tim.o(.text)
    TIM_PrescalerConfig                      0x080024cb   Thumb Code     6  stm32f10x_tim.o(.text)
    TIM_CounterModeConfig                    0x080024d1   Thumb Code    18  stm32f10x_tim.o(.text)
    TIM_EncoderInterfaceConfig               0x080024e3   Thumb Code    66  stm32f10x_tim.o(.text)
    TIM_ForcedOC1Config                      0x08002525   Thumb Code    18  stm32f10x_tim.o(.text)
    TIM_ForcedOC2Config                      0x08002537   Thumb Code    26  stm32f10x_tim.o(.text)
    TIM_ForcedOC3Config                      0x08002551   Thumb Code    18  stm32f10x_tim.o(.text)
    TIM_ForcedOC4Config                      0x08002563   Thumb Code    26  stm32f10x_tim.o(.text)
    TIM_ARRPreloadConfig                     0x0800257d   Thumb Code    24  stm32f10x_tim.o(.text)
    TIM_SelectCOM                            0x08002595   Thumb Code    24  stm32f10x_tim.o(.text)
    TIM_SelectCCDMA                          0x080025ad   Thumb Code    24  stm32f10x_tim.o(.text)
    TIM_CCPreloadControl                     0x080025c5   Thumb Code    24  stm32f10x_tim.o(.text)
    TIM_OC1PreloadConfig                     0x080025dd   Thumb Code    18  stm32f10x_tim.o(.text)
    TIM_OC2PreloadConfig                     0x080025ef   Thumb Code    26  stm32f10x_tim.o(.text)
    TIM_OC3PreloadConfig                     0x08002609   Thumb Code    18  stm32f10x_tim.o(.text)
    TIM_OC4PreloadConfig                     0x0800261b   Thumb Code    26  stm32f10x_tim.o(.text)
    TIM_OC1FastConfig                        0x08002635   Thumb Code    18  stm32f10x_tim.o(.text)
    TIM_OC2FastConfig                        0x08002647   Thumb Code    26  stm32f10x_tim.o(.text)
    TIM_OC3FastConfig                        0x08002661   Thumb Code    18  stm32f10x_tim.o(.text)
    TIM_OC4FastConfig                        0x08002673   Thumb Code    26  stm32f10x_tim.o(.text)
    TIM_ClearOC1Ref                          0x0800268d   Thumb Code    18  stm32f10x_tim.o(.text)
    TIM_ClearOC2Ref                          0x0800269f   Thumb Code    24  stm32f10x_tim.o(.text)
    TIM_ClearOC3Ref                          0x080026b7   Thumb Code    18  stm32f10x_tim.o(.text)
    TIM_ClearOC4Ref                          0x080026c9   Thumb Code    24  stm32f10x_tim.o(.text)
    TIM_OC1PolarityConfig                    0x080026e1   Thumb Code    18  stm32f10x_tim.o(.text)
    TIM_OC1NPolarityConfig                   0x080026f3   Thumb Code    18  stm32f10x_tim.o(.text)
    TIM_OC2PolarityConfig                    0x08002705   Thumb Code    26  stm32f10x_tim.o(.text)
    TIM_OC2NPolarityConfig                   0x0800271f   Thumb Code    26  stm32f10x_tim.o(.text)
    TIM_OC3PolarityConfig                    0x08002739   Thumb Code    26  stm32f10x_tim.o(.text)
    TIM_OC3NPolarityConfig                   0x08002753   Thumb Code    26  stm32f10x_tim.o(.text)
    TIM_OC4PolarityConfig                    0x0800276d   Thumb Code    26  stm32f10x_tim.o(.text)
    TIM_CCxCmd                               0x08002787   Thumb Code    30  stm32f10x_tim.o(.text)
    TIM_CCxNCmd                              0x080027a5   Thumb Code    30  stm32f10x_tim.o(.text)
    TIM_SelectOCxM                           0x080027c3   Thumb Code    82  stm32f10x_tim.o(.text)
    TIM_UpdateDisableConfig                  0x08002815   Thumb Code    24  stm32f10x_tim.o(.text)
    TIM_UpdateRequestConfig                  0x0800282d   Thumb Code    24  stm32f10x_tim.o(.text)
    TIM_SelectHallSensor                     0x08002845   Thumb Code    24  stm32f10x_tim.o(.text)
    TIM_SelectOnePulseMode                   0x0800285d   Thumb Code    18  stm32f10x_tim.o(.text)
    TIM_SelectOutputTrigger                  0x0800286f   Thumb Code    18  stm32f10x_tim.o(.text)
    TIM_SelectSlaveMode                      0x08002881   Thumb Code    18  stm32f10x_tim.o(.text)
    TIM_SelectMasterSlaveMode                0x08002893   Thumb Code    18  stm32f10x_tim.o(.text)
    TIM_SetCounter                           0x080028a5   Thumb Code     4  stm32f10x_tim.o(.text)
    TIM_SetAutoreload                        0x080028a9   Thumb Code     4  stm32f10x_tim.o(.text)
    TIM_SetCompare1                          0x080028ad   Thumb Code     4  stm32f10x_tim.o(.text)
    TIM_SetCompare2                          0x080028b1   Thumb Code     4  stm32f10x_tim.o(.text)
    TIM_SetCompare3                          0x080028b5   Thumb Code     4  stm32f10x_tim.o(.text)
    TIM_SetCompare4                          0x080028b9   Thumb Code     6  stm32f10x_tim.o(.text)
    TIM_SetClockDivision                     0x080028bf   Thumb Code    18  stm32f10x_tim.o(.text)
    TIM_GetCapture1                          0x080028d1   Thumb Code     6  stm32f10x_tim.o(.text)
    TIM_GetCapture2                          0x080028d7   Thumb Code     6  stm32f10x_tim.o(.text)
    TIM_GetCapture3                          0x080028dd   Thumb Code     6  stm32f10x_tim.o(.text)
    TIM_GetCapture4                          0x080028e3   Thumb Code     8  stm32f10x_tim.o(.text)
    TIM_GetCounter                           0x080028eb   Thumb Code     6  stm32f10x_tim.o(.text)
    TIM_GetPrescaler                         0x080028f1   Thumb Code     6  stm32f10x_tim.o(.text)
    TIM_GetFlagStatus                        0x080028f7   Thumb Code    18  stm32f10x_tim.o(.text)
    TIM_ClearFlag                            0x08002909   Thumb Code     6  stm32f10x_tim.o(.text)
    TIM_GetITStatus                          0x0800290f   Thumb Code    34  stm32f10x_tim.o(.text)
    TIM_ClearITPendingBit                    0x08002931   Thumb Code     6  stm32f10x_tim.o(.text)
    ADC_DeInit                               0x08002939   Thumb Code    78  stm32f10x_adc.o(.text)
    ADC_Init                                 0x08002987   Thumb Code    70  stm32f10x_adc.o(.text)
    ADC_StructInit                           0x080029cd   Thumb Code    18  stm32f10x_adc.o(.text)
    ADC_Cmd                                  0x080029df   Thumb Code    22  stm32f10x_adc.o(.text)
    ADC_DMACmd                               0x080029f5   Thumb Code    22  stm32f10x_adc.o(.text)
    ADC_ITConfig                             0x08002a0b   Thumb Code    24  stm32f10x_adc.o(.text)
    ADC_ResetCalibration                     0x08002a23   Thumb Code    10  stm32f10x_adc.o(.text)
    ADC_GetResetCalibrationStatus            0x08002a2d   Thumb Code    20  stm32f10x_adc.o(.text)
    ADC_StartCalibration                     0x08002a41   Thumb Code    10  stm32f10x_adc.o(.text)
    ADC_GetCalibrationStatus                 0x08002a4b   Thumb Code    20  stm32f10x_adc.o(.text)
    ADC_SoftwareStartConvCmd                 0x08002a5f   Thumb Code    22  stm32f10x_adc.o(.text)
    ADC_GetSoftwareStartConvStatus           0x08002a75   Thumb Code    20  stm32f10x_adc.o(.text)
    ADC_DiscModeChannelCountConfig           0x08002a89   Thumb Code    24  stm32f10x_adc.o(.text)
    ADC_DiscModeCmd                          0x08002aa1   Thumb Code    22  stm32f10x_adc.o(.text)
    ADC_RegularChannelConfig                 0x08002ab7   Thumb Code   184  stm32f10x_adc.o(.text)
    ADC_ExternalTrigConvCmd                  0x08002b6f   Thumb Code    22  stm32f10x_adc.o(.text)
    ADC_GetConversionValue                   0x08002b85   Thumb Code     8  stm32f10x_adc.o(.text)
    ADC_GetDualModeConversionValue           0x08002b8d   Thumb Code     8  stm32f10x_adc.o(.text)
    ADC_AutoInjectedConvCmd                  0x08002b95   Thumb Code    22  stm32f10x_adc.o(.text)
    ADC_InjectedDiscModeCmd                  0x08002bab   Thumb Code    22  stm32f10x_adc.o(.text)
    ADC_ExternalTrigInjectedConvConfig       0x08002bc1   Thumb Code    16  stm32f10x_adc.o(.text)
    ADC_ExternalTrigInjectedConvCmd          0x08002bd1   Thumb Code    22  stm32f10x_adc.o(.text)
    ADC_SoftwareStartInjectedConvCmd         0x08002be7   Thumb Code    22  stm32f10x_adc.o(.text)
    ADC_GetSoftwareStartInjectedConvCmdStatus 0x08002bfd   Thumb Code    20  stm32f10x_adc.o(.text)
    ADC_InjectedChannelConfig                0x08002c11   Thumb Code   130  stm32f10x_adc.o(.text)
    ADC_InjectedSequencerLengthConfig        0x08002c93   Thumb Code    24  stm32f10x_adc.o(.text)
    ADC_SetInjectedOffset                    0x08002cab   Thumb Code    20  stm32f10x_adc.o(.text)
    ADC_GetInjectedConversionValue           0x08002cbf   Thumb Code    28  stm32f10x_adc.o(.text)
    ADC_AnalogWatchdogCmd                    0x08002cdb   Thumb Code    16  stm32f10x_adc.o(.text)
    ADC_AnalogWatchdogThresholdsConfig       0x08002ceb   Thumb Code     6  stm32f10x_adc.o(.text)
    ADC_AnalogWatchdogSingleChannelConfig    0x08002cf1   Thumb Code    16  stm32f10x_adc.o(.text)
    ADC_TempSensorVrefintCmd                 0x08002d01   Thumb Code    64  stm32f10x_adc.o(.text)
    ADC_GetFlagStatus                        0x08002d41   Thumb Code    18  stm32f10x_adc.o(.text)
    ADC_ClearFlag                            0x08002d53   Thumb Code     6  stm32f10x_adc.o(.text)
    ADC_GetITStatus                          0x08002d59   Thumb Code    36  stm32f10x_adc.o(.text)
    ADC_ClearITPendingBit                    0x08002d7d   Thumb Code    10  stm32f10x_adc.o(.text)
    __use_no_semihosting                     0x08002d87   Thumb Code     2  use_no_semi_2.o(.text)
    __c89vsprintf                            0x08002d89   Thumb Code    32  c89vsprintf.o(.text)
    __2printf                                0x08002dad   Thumb Code    20  __2printf.o(.text)
    _printf_str                              0x08002dc5   Thumb Code    82  _printf_str.o(.text)
    __printf                                 0x08002e19   Thumb Code   388  __printf_flags_ss_wp.o(.text)
    strstr                                   0x08002fa1   Thumb Code    36  strstr.o(.text)
    strlen                                   0x08002fc5   Thumb Code    62  strlen.o(.text)
    __use_two_region_memory                  0x08003003   Thumb Code     2  heapauxi.o(.text)
    __rt_heap_escrow$2region                 0x08003005   Thumb Code     2  heapauxi.o(.text)
    __rt_heap_expand$2region                 0x08003007   Thumb Code     2  heapauxi.o(.text)
    __I$use$semihosting                      0x08003009   Thumb Code     0  use_no_semi.o(.text)
    __use_no_semihosting_swi                 0x08003009   Thumb Code     2  use_no_semi.o(.text)
    __read_errno                             0x0800300b   Thumb Code    10  _rserrno.o(.text)
    __set_errno                              0x08003015   Thumb Code    12  _rserrno.o(.text)
    _printf_pre_padding                      0x08003021   Thumb Code    44  _printf_pad.o(.text)
    _printf_post_padding                     0x0800304d   Thumb Code    34  _printf_pad.o(.text)
    _printf_truncate_signed                  0x0800306f   Thumb Code    18  _printf_truncate.o(.text)
    _printf_truncate_unsigned                0x08003081   Thumb Code    18  _printf_truncate.o(.text)
    _printf_int_dec                          0x08003095   Thumb Code   104  _printf_dec.o(.text)
    _printf_charcount                        0x0800310d   Thumb Code    40  _printf_charcount.o(.text)
    _printf_char_common                      0x0800313f   Thumb Code    32  _printf_char_common.o(.text)
    _sputc                                   0x08003165   Thumb Code    10  _sputc.o(.text)
    _printf_cs_common                        0x0800316f   Thumb Code    20  _printf_char.o(.text)
    _printf_char                             0x08003183   Thumb Code    16  _printf_char.o(.text)
    _printf_string                           0x08003193   Thumb Code     8  _printf_char.o(.text)
    _printf_char_file                        0x0800319d   Thumb Code    32  _printf_char_file.o(.text)
    _printf_wctomb                           0x080031c1   Thumb Code   182  _printf_wctomb.o(.text)
    _printf_longlong_dec                     0x0800327d   Thumb Code   108  _printf_longlong_dec.o(.text)
    _printf_longlong_oct                     0x080032f9   Thumb Code    68  _printf_oct_int_ll.o(.text)
    _printf_int_oct                          0x0800333d   Thumb Code    24  _printf_oct_int_ll.o(.text)
    _printf_ll_oct                           0x08003355   Thumb Code    12  _printf_oct_int_ll.o(.text)
    _printf_longlong_hex                     0x08003369   Thumb Code    86  _printf_hex_int_ll_ptr.o(.text)
    _printf_int_hex                          0x080033bf   Thumb Code    28  _printf_hex_int_ll_ptr.o(.text)
    _printf_ll_hex                           0x080033db   Thumb Code    12  _printf_hex_int_ll_ptr.o(.text)
    _printf_hex_ptr                          0x080033e7   Thumb Code    18  _printf_hex_int_ll_ptr.o(.text)
    __aeabi_errno_addr                       0x080033fd   Thumb Code     8  rt_errno_addr_intlibspace.o(.text)
    __errno$intlibspace                      0x080033fd   Thumb Code     0  rt_errno_addr_intlibspace.o(.text)
    __rt_errno_addr$intlibspace              0x080033fd   Thumb Code     0  rt_errno_addr_intlibspace.o(.text)
    _ll_udiv10                               0x08003405   Thumb Code   138  lludiv10.o(.text)
    _printf_int_common                       0x0800348f   Thumb Code   178  _printf_intcommon.o(.text)
    __lib_sel_fp_printf                      0x08003541   Thumb Code     2  _printf_fp_dec.o(.text)
    _printf_fp_dec_real                      0x080036ef   Thumb Code   620  _printf_fp_dec.o(.text)
    _printf_lcs_common                       0x0800395b   Thumb Code    20  _printf_wchar.o(.text)
    _printf_wchar                            0x0800396f   Thumb Code    16  _printf_wchar.o(.text)
    _printf_wstring                          0x0800397f   Thumb Code     8  _printf_wchar.o(.text)
    ferror                                   0x08003987   Thumb Code     8  ferror.o(.text)
    _wcrtomb                                 0x0800398f   Thumb Code    64  _wcrtomb.o(.text)
    __user_libspace                          0x080039d1   Thumb Code     8  libspace.o(.text)
    __user_perproc_libspace                  0x080039d1   Thumb Code     0  libspace.o(.text)
    __user_perthread_libspace                0x080039d1   Thumb Code     0  libspace.o(.text)
    __user_setup_stackheap                   0x080039d9   Thumb Code    74  sys_stackheap_outer.o(.text)
    __rt_ctype_table                         0x08003a25   Thumb Code    16  rt_ctype_table.o(.text)
    __rt_locale                              0x08003a35   Thumb Code     8  rt_locale_intlibspace.o(.text)
    _printf_fp_infnan                        0x08003a3d   Thumb Code   112  _printf_fp_infnan.o(.text)
    _btod_etento                             0x08003abd   Thumb Code   216  bigflt0.o(.text)
    exit                                     0x08003b99   Thumb Code    12  exit.o(.text)
    strcmp                                   0x08003ba5   Thumb Code   128  strcmpv7m.o(.text)
    _btod_d2e                                0x08003c25   Thumb Code    62  btod.o(CL$$btod_d2e)
    _d2e_denorm_low                          0x08003c63   Thumb Code    70  btod.o(CL$$btod_d2e_denorm_low)
    _d2e_norm_op1                            0x08003ca9   Thumb Code    96  btod.o(CL$$btod_d2e_norm_op1)
    __btod_div_common                        0x08003d09   Thumb Code   696  btod.o(CL$$btod_div_common)
    _e2e                                     0x08004041   Thumb Code   198  btod.o(CL$$btod_e2e)
    _btod_ediv                               0x08004107   Thumb Code    40  btod.o(CL$$btod_ediv)
    _btod_emul                               0x0800412f   Thumb Code    40  btod.o(CL$$btod_emul)
    __btod_mult_common                       0x08004157   Thumb Code   580  btod.o(CL$$btod_mult_common)
    __ARM_fpclassify                         0x0800439b   Thumb Code    40  fpclassify.o(i.__ARM_fpclassify)
    __kernel_poly                            0x080043c3   Thumb Code   170  poly.o(i.__kernel_poly)
    __mathlib_dbl_divzero                    0x0800446d   Thumb Code    12  dunder.o(i.__mathlib_dbl_divzero)
    __mathlib_dbl_infnan2                    0x0800447d   Thumb Code     4  dunder.o(i.__mathlib_dbl_infnan2)
    __mathlib_dbl_invalid                    0x08004481   Thumb Code    12  dunder.o(i.__mathlib_dbl_invalid)
    __mathlib_dbl_overflow                   0x0800448d   Thumb Code    14  dunder.o(i.__mathlib_dbl_overflow)
    __mathlib_dbl_underflow                  0x0800449d   Thumb Code    10  dunder.o(i.__mathlib_dbl_underflow)
    _is_digit                                0x080044ad   Thumb Code    14  __printf_wp.o(i._is_digit)
    pow                                      0x080044bd   Thumb Code  2478  pow.o(i.pow)
    sqrt                                     0x08004e75   Thumb Code    76  sqrt.o(i.sqrt)
    _get_lc_numeric                          0x08004ec1   Thumb Code    44  lc_numeric_c.o(locale$$code)
    _get_lc_ctype                            0x08004eed   Thumb Code    44  lc_ctype_c.o(locale$$code)
    __aeabi_d2f                              0x08004f19   Thumb Code     0  d2f.o(x$fpl$d2f)
    _d2f                                     0x08004f19   Thumb Code    98  d2f.o(x$fpl$d2f)
    __aeabi_dadd                             0x08004f7d   Thumb Code     0  daddsub_clz.o(x$fpl$dadd)
    _dadd                                    0x08004f7d   Thumb Code   332  daddsub_clz.o(x$fpl$dadd)
    __fpl_dcheck_NaN1                        0x080050cd   Thumb Code    10  dcheck1.o(x$fpl$dcheck1)
    __fpl_dcmp_Inf                           0x080050dd   Thumb Code    24  dcmpi.o(x$fpl$dcmpinf)
    __aeabi_ddiv                             0x080050f5   Thumb Code     0  ddiv.o(x$fpl$ddiv)
    _ddiv                                    0x080050f5   Thumb Code   552  ddiv.o(x$fpl$ddiv)
    __aeabi_i2d                              0x080053a5   Thumb Code     0  dflt_clz.o(x$fpl$dflt)
    _dflt                                    0x080053a5   Thumb Code    46  dflt_clz.o(x$fpl$dflt)
    __aeabi_cdcmple                          0x080053d5   Thumb Code     0  dleqf.o(x$fpl$dleqf)
    _dcmple                                  0x080053d5   Thumb Code   120  dleqf.o(x$fpl$dleqf)
    __fpl_dcmple_InfNaN                      0x08005437   Thumb Code     0  dleqf.o(x$fpl$dleqf)
    __aeabi_dmul                             0x0800544d   Thumb Code     0  dmul.o(x$fpl$dmul)
    _dmul                                    0x0800544d   Thumb Code   332  dmul.o(x$fpl$dmul)
    __fpl_dnaninf                            0x080055a1   Thumb Code   156  dnaninf.o(x$fpl$dnaninf)
    __fpl_dretinf                            0x0800563d   Thumb Code    12  dretinf.o(x$fpl$dretinf)
    __aeabi_cdrcmple                         0x08005649   Thumb Code     0  drleqf.o(x$fpl$drleqf)
    _drcmple                                 0x08005649   Thumb Code   108  drleqf.o(x$fpl$drleqf)
    __aeabi_drsub                            0x080056b5   Thumb Code     0  daddsub_clz.o(x$fpl$drsb)
    _drsb                                    0x080056b5   Thumb Code    22  daddsub_clz.o(x$fpl$drsb)
    _dsqrt                                   0x080056cd   Thumb Code   456  dsqrt_noumaal.o(x$fpl$dsqrt)
    __aeabi_dsub                             0x08005899   Thumb Code     0  daddsub_clz.o(x$fpl$dsub)
    _dsub                                    0x08005899   Thumb Code   464  daddsub_clz.o(x$fpl$dsub)
    __aeabi_f2d                              0x08005a6d   Thumb Code     0  f2d.o(x$fpl$f2d)
    _f2d                                     0x08005a6d   Thumb Code    86  f2d.o(x$fpl$f2d)
    __aeabi_fadd                             0x08005ac5   Thumb Code     0  faddsub_clz.o(x$fpl$fadd)
    _fadd                                    0x08005ac5   Thumb Code   196  faddsub_clz.o(x$fpl$fadd)
    __aeabi_fdiv                             0x08005b89   Thumb Code     0  fdiv.o(x$fpl$fdiv)
    _fdiv                                    0x08005b89   Thumb Code   384  fdiv.o(x$fpl$fdiv)
    __aeabi_ui2f                             0x08005d0d   Thumb Code     0  fflt_clz.o(x$fpl$ffltu)
    _ffltu                                   0x08005d0d   Thumb Code    38  fflt_clz.o(x$fpl$ffltu)
    __fpl_fnaninf                            0x08005d33   Thumb Code   140  fnaninf.o(x$fpl$fnaninf)
    __fpl_fretinf                            0x08005dbf   Thumb Code    10  fretinf.o(x$fpl$fretinf)
    __aeabi_fsub                             0x08005dc9   Thumb Code     0  faddsub_clz.o(x$fpl$fsub)
    _fsub                                    0x08005dc9   Thumb Code   234  faddsub_clz.o(x$fpl$fsub)
    _printf_fp_dec                           0x08005eb3   Thumb Code     4  printf1.o(x$fpl$printf1)
    __fpl_return_NaN                         0x08005eb7   Thumb Code   100  retnan.o(x$fpl$retnan)
    __ARM_scalbn                             0x08005f1b   Thumb Code    92  scalbn.o(x$fpl$scalbn)
    __fpl_cmpreturn                          0x08005f77   Thumb Code    48  trapv.o(x$fpl$trapveneer)
    __I$use$fp                               0x08005fa6   Number         0  usenofp.o(x$fpl$usenofp)
    __mathlib_zero                           0x08006070   Data           8  qnan.o(.constdata)
    Region$$Table$$Base                      0x0800610c   Number         0  anon$$obj.o(Region$$Table)
    Region$$Table$$Limit                     0x0800612c   Number         0  anon$$obj.o(Region$$Table)
    __ctype                                  0x08006155   Data           0  lc_ctype_c.o(locale$$data)
    SystemCoreClock                          0x20000000   Data           4  system_stm32f10x.o(.data)
    AHBPrescTable                            0x20000004   Data          16  system_stm32f10x.o(.data)
    USART3_RX_STA                            0x20000014   Data           2  usart3.o(.data)
    __stdout                                 0x2000001c   Data           4  usart.o(.data)
    USART_RX_STA                             0x20000020   Data           2  usart.o(.data)
    USART3_RX_BUF                            0x20000038   Data         600  usart3.o(.bss)
    USART3_TX_BUF                            0x20000290   Data         600  usart3.o(.bss)
    USART_RX_BUF                             0x200004e8   Data         200  usart.o(.bss)
    __libspace_start                         0x200005b0   Data          96  libspace.o(.bss)
    __temporary_stack_top$libspace           0x20000610   Data           0  libspace.o(.bss)



==============================================================================

Memory Map of the image

  Image Entry point : 0x08000131

  Load Region LR_IROM1 (Base: 0x08000000, Size: 0x00006290, Max: 0x00080000, ABSOLUTE)

    Execution Region ER_IROM1 (Base: 0x08000000, Size: 0x00006258, Max: 0x00080000, ABSOLUTE)

    Base Addr    Size         Type   Attr      Idx    E Section Name        Object

    0x08000000   0x00000130   Data   RO          354    RESET               startup_stm32f10x_hd.o
    0x08000130   0x00000008   Code   RO          475  * !!!main             c_w.l(__main.o)
    0x08000138   0x00000034   Code   RO          868    !!!scatter          c_w.l(__scatter.o)
    0x0800016c   0x0000001a   Code   RO          870    !!handler_copy      c_w.l(__scatter_copy.o)
    0x08000186   0x00000002   PAD
    0x08000188   0x0000001c   Code   RO          872    !!handler_zi        c_w.l(__scatter_zi.o)
    0x080001a4   0x00000000   Code   RO          468    .ARM.Collect$$_printf_percent$$00000000  c_w.l(_printf_percent.o)
    0x080001a4   0x00000006   Code   RO          577    .ARM.Collect$$_printf_percent$$00000001  c_w.l(_printf_n.o)
    0x080001aa   0x00000006   Code   RO          579    .ARM.Collect$$_printf_percent$$00000002  c_w.l(_printf_p.o)
    0x080001b0   0x00000006   Code   RO          584    .ARM.Collect$$_printf_percent$$00000003  c_w.l(_printf_f.o)
    0x080001b6   0x00000006   Code   RO          585    .ARM.Collect$$_printf_percent$$00000004  c_w.l(_printf_e.o)
    0x080001bc   0x00000006   Code   RO          586    .ARM.Collect$$_printf_percent$$00000005  c_w.l(_printf_g.o)
    0x080001c2   0x00000006   Code   RO          587    .ARM.Collect$$_printf_percent$$00000006  c_w.l(_printf_a.o)
    0x080001c8   0x0000000a   Code   RO          592    .ARM.Collect$$_printf_percent$$00000007  c_w.l(_printf_ll.o)
    0x080001d2   0x00000006   Code   RO          581    .ARM.Collect$$_printf_percent$$00000008  c_w.l(_printf_i.o)
    0x080001d8   0x00000006   Code   RO          582    .ARM.Collect$$_printf_percent$$00000009  c_w.l(_printf_d.o)
    0x080001de   0x00000006   Code   RO          583    .ARM.Collect$$_printf_percent$$0000000A  c_w.l(_printf_u.o)
    0x080001e4   0x00000006   Code   RO          580    .ARM.Collect$$_printf_percent$$0000000B  c_w.l(_printf_o.o)
    0x080001ea   0x00000006   Code   RO          578    .ARM.Collect$$_printf_percent$$0000000C  c_w.l(_printf_x.o)
    0x080001f0   0x00000006   Code   RO          589    .ARM.Collect$$_printf_percent$$0000000D  c_w.l(_printf_lli.o)
    0x080001f6   0x00000006   Code   RO          590    .ARM.Collect$$_printf_percent$$0000000E  c_w.l(_printf_lld.o)
    0x080001fc   0x00000006   Code   RO          591    .ARM.Collect$$_printf_percent$$0000000F  c_w.l(_printf_llu.o)
    0x08000202   0x00000006   Code   RO          596    .ARM.Collect$$_printf_percent$$00000010  c_w.l(_printf_llo.o)
    0x08000208   0x00000006   Code   RO          597    .ARM.Collect$$_printf_percent$$00000011  c_w.l(_printf_llx.o)
    0x0800020e   0x0000000a   Code   RO          593    .ARM.Collect$$_printf_percent$$00000012  c_w.l(_printf_l.o)
    0x08000218   0x00000006   Code   RO          576    .ARM.Collect$$_printf_percent$$00000013  c_w.l(_printf_c.o)
    0x0800021e   0x00000006   Code   RO          467    .ARM.Collect$$_printf_percent$$00000014  c_w.l(_printf_s.o)
    0x08000224   0x00000006   Code   RO          594    .ARM.Collect$$_printf_percent$$00000015  c_w.l(_printf_lc.o)
    0x0800022a   0x00000006   Code   RO          595    .ARM.Collect$$_printf_percent$$00000016  c_w.l(_printf_ls.o)
    0x08000230   0x00000004   Code   RO          588    .ARM.Collect$$_printf_percent$$00000017  c_w.l(_printf_percent_end.o)
    0x08000234   0x00000002   Code   RO          735    .ARM.Collect$$libinit$$00000000  c_w.l(libinit.o)
    0x08000236   0x00000000   Code   RO          748    .ARM.Collect$$libinit$$00000002  c_w.l(libinit2.o)
    0x08000236   0x00000000   Code   RO          750    .ARM.Collect$$libinit$$00000004  c_w.l(libinit2.o)
    0x08000236   0x00000000   Code   RO          753    .ARM.Collect$$libinit$$0000000A  c_w.l(libinit2.o)
    0x08000236   0x00000000   Code   RO          755    .ARM.Collect$$libinit$$0000000C  c_w.l(libinit2.o)
    0x08000236   0x00000000   Code   RO          757    .ARM.Collect$$libinit$$0000000E  c_w.l(libinit2.o)
    0x08000236   0x00000006   Code   RO          758    .ARM.Collect$$libinit$$0000000F  c_w.l(libinit2.o)
    0x0800023c   0x00000000   Code   RO          760    .ARM.Collect$$libinit$$00000011  c_w.l(libinit2.o)
    0x0800023c   0x0000000c   Code   RO          761    .ARM.Collect$$libinit$$00000012  c_w.l(libinit2.o)
    0x08000248   0x00000000   Code   RO          762    .ARM.Collect$$libinit$$00000013  c_w.l(libinit2.o)
    0x08000248   0x00000000   Code   RO          764    .ARM.Collect$$libinit$$00000015  c_w.l(libinit2.o)
    0x08000248   0x0000000a   Code   RO          765    .ARM.Collect$$libinit$$00000016  c_w.l(libinit2.o)
    0x08000252   0x00000000   Code   RO          766    .ARM.Collect$$libinit$$00000017  c_w.l(libinit2.o)
    0x08000252   0x00000000   Code   RO          768    .ARM.Collect$$libinit$$00000019  c_w.l(libinit2.o)
    0x08000252   0x00000000   Code   RO          770    .ARM.Collect$$libinit$$0000001B  c_w.l(libinit2.o)
    0x08000252   0x00000000   Code   RO          772    .ARM.Collect$$libinit$$0000001D  c_w.l(libinit2.o)
    0x08000252   0x00000000   Code   RO          774    .ARM.Collect$$libinit$$0000001F  c_w.l(libinit2.o)
    0x08000252   0x00000000   Code   RO          776    .ARM.Collect$$libinit$$00000021  c_w.l(libinit2.o)
    0x08000252   0x00000000   Code   RO          778    .ARM.Collect$$libinit$$00000023  c_w.l(libinit2.o)
    0x08000252   0x00000000   Code   RO          780    .ARM.Collect$$libinit$$00000025  c_w.l(libinit2.o)
    0x08000252   0x00000000   Code   RO          784    .ARM.Collect$$libinit$$0000002C  c_w.l(libinit2.o)
    0x08000252   0x00000000   Code   RO          786    .ARM.Collect$$libinit$$0000002E  c_w.l(libinit2.o)
    0x08000252   0x00000000   Code   RO          788    .ARM.Collect$$libinit$$00000030  c_w.l(libinit2.o)
    0x08000252   0x00000000   Code   RO          790    .ARM.Collect$$libinit$$00000032  c_w.l(libinit2.o)
    0x08000252   0x00000002   Code   RO          791    .ARM.Collect$$libinit$$00000033  c_w.l(libinit2.o)
    0x08000254   0x00000002   Code   RO          811    .ARM.Collect$$libshutdown$$00000000  c_w.l(libshutdown.o)
    0x08000256   0x00000000   Code   RO          822    .ARM.Collect$$libshutdown$$00000003  c_w.l(libshutdown2.o)
    0x08000256   0x00000000   Code   RO          825    .ARM.Collect$$libshutdown$$00000006  c_w.l(libshutdown2.o)
    0x08000256   0x00000000   Code   RO          828    .ARM.Collect$$libshutdown$$00000009  c_w.l(libshutdown2.o)
    0x08000256   0x00000000   Code   RO          830    .ARM.Collect$$libshutdown$$0000000B  c_w.l(libshutdown2.o)
    0x08000256   0x00000000   Code   RO          833    .ARM.Collect$$libshutdown$$0000000E  c_w.l(libshutdown2.o)
    0x08000256   0x00000002   Code   RO          834    .ARM.Collect$$libshutdown$$0000000F  c_w.l(libshutdown2.o)
    0x08000258   0x00000000   Code   RO          525    .ARM.Collect$$rtentry$$00000000  c_w.l(__rtentry.o)
    0x08000258   0x00000000   Code   RO          647    .ARM.Collect$$rtentry$$00000002  c_w.l(__rtentry2.o)
    0x08000258   0x00000006   Code   RO          659    .ARM.Collect$$rtentry$$00000004  c_w.l(__rtentry4.o)
    0x0800025e   0x00000000   Code   RO          649    .ARM.Collect$$rtentry$$00000009  c_w.l(__rtentry2.o)
    0x0800025e   0x00000004   Code   RO          650    .ARM.Collect$$rtentry$$0000000A  c_w.l(__rtentry2.o)
    0x08000262   0x00000000   Code   RO          652    .ARM.Collect$$rtentry$$0000000C  c_w.l(__rtentry2.o)
    0x08000262   0x00000008   Code   RO          653    .ARM.Collect$$rtentry$$0000000D  c_w.l(__rtentry2.o)
    0x0800026a   0x00000002   Code   RO          740    .ARM.Collect$$rtexit$$00000000  c_w.l(rtexit.o)
    0x0800026c   0x00000000   Code   RO          795    .ARM.Collect$$rtexit$$00000002  c_w.l(rtexit2.o)
    0x0800026c   0x00000004   Code   RO          796    .ARM.Collect$$rtexit$$00000003  c_w.l(rtexit2.o)
    0x08000270   0x00000006   Code   RO          797    .ARM.Collect$$rtexit$$00000004  c_w.l(rtexit2.o)
    0x08000276   0x00000002   PAD
    0x08000278   0x00000164   Code   RO            1    .text               main.o
    0x080003dc   0x0000001a   Code   RO          142    .text               stm32f10x_it.o
    0x080003f6   0x00000002   PAD
    0x080003f8   0x000001e0   Code   RO          183    .text               system_stm32f10x.o
    0x080005d8   0x00000280   Code   RO          201    .text               esp8266.o
    0x08000858   0x0000008c   Code   RO          213    .text               timer.o
    0x080008e4   0x00000180   Code   RO          226    .text               usart3.o
    0x08000a64   0x00000198   Code   RO          264    .text               dht11.o
    0x08000bfc   0x000000e8   Code   RO          276    .text               mq135.o
    0x08000ce4   0x000000d4   Code   RO          288    .text               delay.o
    0x08000db8   0x00000140   Code   RO          319    .text               usart.o
    0x08000ef8   0x00000040   Code   RO          355    .text               startup_stm32f10x_hd.o
    0x08000f38   0x000000dc   Code   RO          359    .text               misc.o
    0x08001014   0x0000035c   Code   RO          371    .text               stm32f10x_gpio.o
    0x08001370   0x000003a4   Code   RO          383    .text               stm32f10x_rcc.o
    0x08001714   0x00000408   Code   RO          397    .text               stm32f10x_usart.o
    0x08001b1c   0x00000e1a   Code   RO          409    .text               stm32f10x_tim.o
    0x08002936   0x00000002   PAD
    0x08002938   0x0000044e   Code   RO          421    .text               stm32f10x_adc.o
    0x08002d86   0x00000002   Code   RO          435    .text               c_w.l(use_no_semi_2.o)
    0x08002d88   0x00000024   Code   RO          437    .text               c_w.l(c89vsprintf.o)
    0x08002dac   0x00000018   Code   RO          439    .text               c_w.l(__2printf.o)
    0x08002dc4   0x00000052   Code   RO          445    .text               c_w.l(_printf_str.o)
    0x08002e16   0x00000002   PAD
    0x08002e18   0x00000188   Code   RO          464    .text               c_w.l(__printf_flags_ss_wp.o)
    0x08002fa0   0x00000024   Code   RO          469    .text               c_w.l(strstr.o)
    0x08002fc4   0x0000003e   Code   RO          471    .text               c_w.l(strlen.o)
    0x08003002   0x00000006   Code   RO          473    .text               c_w.l(heapauxi.o)
    0x08003008   0x00000002   Code   RO          523    .text               c_w.l(use_no_semi.o)
    0x0800300a   0x00000016   Code   RO          526    .text               c_w.l(_rserrno.o)
    0x08003020   0x0000004e   Code   RO          528    .text               c_w.l(_printf_pad.o)
    0x0800306e   0x00000024   Code   RO          530    .text               c_w.l(_printf_truncate.o)
    0x08003092   0x00000002   PAD
    0x08003094   0x00000078   Code   RO          532    .text               c_w.l(_printf_dec.o)
    0x0800310c   0x00000028   Code   RO          534    .text               c_w.l(_printf_charcount.o)
    0x08003134   0x00000030   Code   RO          536    .text               c_w.l(_printf_char_common.o)
    0x08003164   0x0000000a   Code   RO          538    .text               c_w.l(_sputc.o)
    0x0800316e   0x0000002c   Code   RO          540    .text               c_w.l(_printf_char.o)
    0x0800319a   0x00000002   PAD
    0x0800319c   0x00000024   Code   RO          542    .text               c_w.l(_printf_char_file.o)
    0x080031c0   0x000000bc   Code   RO          544    .text               c_w.l(_printf_wctomb.o)
    0x0800327c   0x0000007c   Code   RO          547    .text               c_w.l(_printf_longlong_dec.o)
    0x080032f8   0x00000070   Code   RO          553    .text               c_w.l(_printf_oct_int_ll.o)
    0x08003368   0x00000094   Code   RO          573    .text               c_w.l(_printf_hex_int_ll_ptr.o)
    0x080033fc   0x00000008   Code   RO          664    .text               c_w.l(rt_errno_addr_intlibspace.o)
    0x08003404   0x0000008a   Code   RO          666    .text               c_w.l(lludiv10.o)
    0x0800348e   0x000000b2   Code   RO          668    .text               c_w.l(_printf_intcommon.o)
    0x08003540   0x0000041a   Code   RO          670    .text               c_w.l(_printf_fp_dec.o)
    0x0800395a   0x0000002c   Code   RO          674    .text               c_w.l(_printf_wchar.o)
    0x08003986   0x00000008   Code   RO          676    .text               c_w.l(ferror.o)
    0x0800398e   0x00000040   Code   RO          680    .text               c_w.l(_wcrtomb.o)
    0x080039ce   0x00000002   PAD
    0x080039d0   0x00000008   Code   RO          686    .text               c_w.l(libspace.o)
    0x080039d8   0x0000004a   Code   RO          689    .text               c_w.l(sys_stackheap_outer.o)
    0x08003a22   0x00000002   PAD
    0x08003a24   0x00000010   Code   RO          691    .text               c_w.l(rt_ctype_table.o)
    0x08003a34   0x00000008   Code   RO          696    .text               c_w.l(rt_locale_intlibspace.o)
    0x08003a3c   0x00000080   Code   RO          698    .text               c_w.l(_printf_fp_infnan.o)
    0x08003abc   0x000000dc   Code   RO          700    .text               c_w.l(bigflt0.o)
    0x08003b98   0x0000000c   Code   RO          728    .text               c_w.l(exit.o)
    0x08003ba4   0x00000080   Code   RO          745    .text               c_w.l(strcmpv7m.o)
    0x08003c24   0x0000003e   Code   RO          703    CL$$btod_d2e        c_w.l(btod.o)
    0x08003c62   0x00000046   Code   RO          705    CL$$btod_d2e_denorm_low  c_w.l(btod.o)
    0x08003ca8   0x00000060   Code   RO          704    CL$$btod_d2e_norm_op1  c_w.l(btod.o)
    0x08003d08   0x00000338   Code   RO          713    CL$$btod_div_common  c_w.l(btod.o)
    0x08004040   0x000000c6   Code   RO          710    CL$$btod_e2e        c_w.l(btod.o)
    0x08004106   0x00000028   Code   RO          707    CL$$btod_ediv       c_w.l(btod.o)
    0x0800412e   0x00000028   Code   RO          706    CL$$btod_emul       c_w.l(btod.o)
    0x08004156   0x00000244   Code   RO          712    CL$$btod_mult_common  c_w.l(btod.o)
    0x0800439a   0x00000028   Code   RO          641    i.__ARM_fpclassify  m_ws.l(fpclassify.o)
    0x080043c2   0x000000aa   Code   RO          643    i.__kernel_poly     m_ws.l(poly.o)
    0x0800446c   0x00000010   Code   RO          627    i.__mathlib_dbl_divzero  m_ws.l(dunder.o)
    0x0800447c   0x00000004   Code   RO          629    i.__mathlib_dbl_infnan2  m_ws.l(dunder.o)
    0x08004480   0x0000000c   Code   RO          630    i.__mathlib_dbl_invalid  m_ws.l(dunder.o)
    0x0800448c   0x0000000e   Code   RO          631    i.__mathlib_dbl_overflow  m_ws.l(dunder.o)
    0x0800449a   0x00000002   PAD
    0x0800449c   0x00000010   Code   RO          633    i.__mathlib_dbl_underflow  m_ws.l(dunder.o)
    0x080044ac   0x0000000e   Code   RO          457    i._is_digit         c_w.l(__printf_wp.o)
    0x080044ba   0x00000002   PAD
    0x080044bc   0x000009b8   Code   RO          506    i.pow               m_ws.l(pow.o)
    0x08004e74   0x0000004c   Code   RO          516    i.sqrt              m_ws.l(sqrt.o)
    0x08004ec0   0x0000002c   Code   RO          726    locale$$code        c_w.l(lc_numeric_c.o)
    0x08004eec   0x0000002c   Code   RO          743    locale$$code        c_w.l(lc_ctype_c.o)
    0x08004f18   0x00000062   Code   RO          477    x$fpl$d2f           fz_ws.l(d2f.o)
    0x08004f7a   0x00000002   PAD
    0x08004f7c   0x00000150   Code   RO          598    x$fpl$dadd          fz_ws.l(daddsub_clz.o)
    0x080050cc   0x00000010   Code   RO          682    x$fpl$dcheck1       fz_ws.l(dcheck1.o)
    0x080050dc   0x00000018   Code   RO          684    x$fpl$dcmpinf       fz_ws.l(dcmpi.o)
    0x080050f4   0x000002b0   Code   RO          480    x$fpl$ddiv          fz_ws.l(ddiv.o)
    0x080053a4   0x0000002e   Code   RO          605    x$fpl$dflt          fz_ws.l(dflt_clz.o)
    0x080053d2   0x00000002   PAD
    0x080053d4   0x00000078   Code   RO          610    x$fpl$dleqf         fz_ws.l(dleqf.o)
    0x0800544c   0x00000154   Code   RO          483    x$fpl$dmul          fz_ws.l(dmul.o)
    0x080055a0   0x0000009c   Code   RO          612    x$fpl$dnaninf       fz_ws.l(dnaninf.o)
    0x0800563c   0x0000000c   Code   RO          614    x$fpl$dretinf       fz_ws.l(dretinf.o)
    0x08005648   0x0000006c   Code   RO          485    x$fpl$drleqf        fz_ws.l(drleqf.o)
    0x080056b4   0x00000016   Code   RO          599    x$fpl$drsb          fz_ws.l(daddsub_clz.o)
    0x080056ca   0x00000002   PAD
    0x080056cc   0x000001cc   Code   RO          616    x$fpl$dsqrt         fz_ws.l(dsqrt_noumaal.o)
    0x08005898   0x000001d4   Code   RO          600    x$fpl$dsub          fz_ws.l(daddsub_clz.o)
    0x08005a6c   0x00000056   Code   RO          487    x$fpl$f2d           fz_ws.l(f2d.o)
    0x08005ac2   0x00000002   PAD
    0x08005ac4   0x000000c4   Code   RO          489    x$fpl$fadd          fz_ws.l(faddsub_clz.o)
    0x08005b88   0x00000184   Code   RO          496    x$fpl$fdiv          fz_ws.l(fdiv.o)
    0x08005d0c   0x00000026   Code   RO          499    x$fpl$ffltu         fz_ws.l(fflt_clz.o)
    0x08005d32   0x0000008c   Code   RO          618    x$fpl$fnaninf       fz_ws.l(fnaninf.o)
    0x08005dbe   0x0000000a   Code   RO          620    x$fpl$fretinf       fz_ws.l(fretinf.o)
    0x08005dc8   0x000000ea   Code   RO          491    x$fpl$fsub          fz_ws.l(faddsub_clz.o)
    0x08005eb2   0x00000004   Code   RO          622    x$fpl$printf1       fz_ws.l(printf1.o)
    0x08005eb6   0x00000064   Code   RO          738    x$fpl$retnan        fz_ws.l(retnan.o)
    0x08005f1a   0x0000005c   Code   RO          624    x$fpl$scalbn        fz_ws.l(scalbn.o)
    0x08005f76   0x00000030   Code   RO          792    x$fpl$trapveneer    fz_ws.l(trapv.o)
    0x08005fa6   0x00000000   Code   RO          626    x$fpl$usenofp       fz_ws.l(usenofp.o)
    0x08005fa6   0x00000011   Data   RO          465    .constdata          c_w.l(__printf_flags_ss_wp.o)
    0x08005fb7   0x00000001   PAD
    0x08005fb8   0x00000088   Data   RO          507    .constdata          m_ws.l(pow.o)
    0x08006040   0x00000008   Data   RO          545    .constdata          c_w.l(_printf_wctomb.o)
    0x08006048   0x00000028   Data   RO          574    .constdata          c_w.l(_printf_hex_int_ll_ptr.o)
    0x08006070   0x00000008   Data   RO          645    .constdata          m_ws.l(qnan.o)
    0x08006078   0x00000094   Data   RO          701    .constdata          c_w.l(bigflt0.o)
    0x0800610c   0x00000020   Data   RO          866    Region$$Table       anon$$obj.o
    0x0800612c   0x0000001c   Data   RO          725    locale$$data        c_w.l(lc_numeric_c.o)
    0x08006148   0x00000110   Data   RO          742    locale$$data        c_w.l(lc_ctype_c.o)


    Execution Region RW_IRAM1 (Base: 0x20000000, Size: 0x00000c10, Max: 0x00010000, ABSOLUTE)

    Base Addr    Size         Type   Attr      Idx    E Section Name        Object

    0x20000000   0x00000014   Data   RW          184    .data               system_stm32f10x.o
    0x20000014   0x00000002   Data   RW          228    .data               usart3.o
    0x20000016   0x00000004   Data   RW          289    .data               delay.o
    0x2000001a   0x00000002   PAD
    0x2000001c   0x00000006   Data   RW          321    .data               usart.o
    0x20000022   0x00000014   Data   RW          384    .data               stm32f10x_rcc.o
    0x20000036   0x00000002   PAD
    0x20000038   0x000004b0   Zero   RW          227    .bss                usart3.o
    0x200004e8   0x000000c8   Zero   RW          320    .bss                usart.o
    0x200005b0   0x00000060   Zero   RW          687    .bss                c_w.l(libspace.o)
    0x20000610   0x00000200   Zero   RW          353    HEAP                startup_stm32f10x_hd.o
    0x20000810   0x00000400   Zero   RW          352    STACK               startup_stm32f10x_hd.o


==============================================================================

Image component sizes


      Code (inc. data)   RO Data    RW Data    ZI Data      Debug   Object Name

       212         18          0          4          0        971   delay.o
       408         12          0          0          0       2066   dht11.o
       640        246          0          0          0       2090   esp8266.o
       356         92          0          0          0     262955   main.o
       220         22          0          0          0       1753   misc.o
       232          8          0          0          0       1065   mq135.o
        64         26        304          0       1536        772   startup_stm32f10x_hd.o
      1102         26          0          0          0      10785   stm32f10x_adc.o
       860         38          0          0          0       5597   stm32f10x_gpio.o
        26          0          0          0          0       1154   stm32f10x_it.o
       932         36          0         20          0       8740   stm32f10x_rcc.o
      3610         88          0          0          0      22080   stm32f10x_tim.o
      1032         22          0          0          0       8320   stm32f10x_usart.o
         0          0          0          0          0         32   sys.o
       480         38          0         20          0       1667   system_stm32f10x.o
       140          8          0          0          0        748   timer.o
       320         16          0          6        200       3074   usart.o
       384         26          0          2       1200       2486   usart3.o

    ----------------------------------------------------------------------
     11022        722        336         56       2936     336355   Object Totals
         0          0         32          0          0          0   (incl. Generated)
         4          0          0          4          0          0   (incl. Padding)

    ----------------------------------------------------------------------

      Code (inc. data)   RO Data    RW Data    ZI Data      Debug   Library Member Name

        24          4          0          0          0         84   __2printf.o
         8          0          0          0          0         68   __main.o
       392          4         17          0          0         92   __printf_flags_ss_wp.o
        14          0          0          0          0         68   __printf_wp.o
         0          0          0          0          0          0   __rtentry.o
        12          0          0          0          0          0   __rtentry2.o
         6          0          0          0          0          0   __rtentry4.o
        52          8          0          0          0          0   __scatter.o
        26          0          0          0          0          0   __scatter_copy.o
        28          0          0          0          0          0   __scatter_zi.o
         6          0          0          0          0          0   _printf_a.o
         6          0          0          0          0          0   _printf_c.o
        44          0          0          0          0        108   _printf_char.o
        48          6          0          0          0         96   _printf_char_common.o
        36          4          0          0          0         80   _printf_char_file.o
        40          0          0          0          0         68   _printf_charcount.o
         6          0          0          0          0          0   _printf_d.o
       120         16          0          0          0         92   _printf_dec.o
         6          0          0          0          0          0   _printf_e.o
         6          0          0          0          0          0   _printf_f.o
      1050          0          0          0          0        216   _printf_fp_dec.o
       128         16          0          0          0         84   _printf_fp_infnan.o
         6          0          0          0          0          0   _printf_g.o
       148          4         40          0          0        160   _printf_hex_int_ll_ptr.o
         6          0          0          0          0          0   _printf_i.o
       178          0          0          0          0         88   _printf_intcommon.o
        10          0          0          0          0          0   _printf_l.o
         6          0          0          0          0          0   _printf_lc.o
        10          0          0          0          0          0   _printf_ll.o
         6          0          0          0          0          0   _printf_lld.o
         6          0          0          0          0          0   _printf_lli.o
         6          0          0          0          0          0   _printf_llo.o
         6          0          0          0          0          0   _printf_llu.o
         6          0          0          0          0          0   _printf_llx.o
       124         16          0          0          0         92   _printf_longlong_dec.o
         6          0          0          0          0          0   _printf_ls.o
         6          0          0          0          0          0   _printf_n.o
         6          0          0          0          0          0   _printf_o.o
       112          8          0          0          0        124   _printf_oct_int_ll.o
         6          0          0          0          0          0   _printf_p.o
        78          0          0          0          0        108   _printf_pad.o
         0          0          0          0          0          0   _printf_percent.o
         4          0          0          0          0          0   _printf_percent_end.o
         6          0          0          0          0          0   _printf_s.o
        82          0          0          0          0         80   _printf_str.o
        36          0          0          0          0         84   _printf_truncate.o
         6          0          0          0          0          0   _printf_u.o
        44          0          0          0          0        108   _printf_wchar.o
       188          6          8          0          0         92   _printf_wctomb.o
         6          0          0          0          0          0   _printf_x.o
        22          0          0          0          0        100   _rserrno.o
        10          0          0          0          0         68   _sputc.o
        64          0          0          0          0         92   _wcrtomb.o
       220          4        148          0          0         96   bigflt0.o
      1910        128          0          0          0        672   btod.o
        36          4          0          0          0         76   c89vsprintf.o
        12          0          0          0          0         72   exit.o
         8          0          0          0          0         68   ferror.o
         6          0          0          0          0        152   heapauxi.o
        44         10        272          0          0         76   lc_ctype_c.o
        44         10         28          0          0         76   lc_numeric_c.o
         2          0          0          0          0          0   libinit.o
        30          0          0          0          0          0   libinit2.o
         2          0          0          0          0          0   libshutdown.o
         2          0          0          0          0          0   libshutdown2.o
         8          4          0          0         96         68   libspace.o
       138          0          0          0          0         80   lludiv10.o
        16          4          0          0          0         76   rt_ctype_table.o
         8          4          0          0          0         68   rt_errno_addr_intlibspace.o
         8          4          0          0          0         68   rt_locale_intlibspace.o
         2          0          0          0          0          0   rtexit.o
        10          0          0          0          0          0   rtexit2.o
       128          0          0          0          0         68   strcmpv7m.o
        62          0          0          0          0         76   strlen.o
        36          0          0          0          0         80   strstr.o
        74          0          0          0          0         80   sys_stackheap_outer.o
         2          0          0          0          0         68   use_no_semi.o
         2          0          0          0          0         68   use_no_semi_2.o
        98          4          0          0          0         92   d2f.o
       826         16          0          0          0        348   daddsub_clz.o
        16          4          0          0          0         68   dcheck1.o
        24          0          0          0          0         68   dcmpi.o
       688        140          0          0          0        208   ddiv.o
        46          0          0          0          0         68   dflt_clz.o
       120          4          0          0          0         92   dleqf.o
       340         12          0          0          0        104   dmul.o
       156          4          0          0          0         92   dnaninf.o
        12          0          0          0          0         68   dretinf.o
       108          0          0          0          0         80   drleqf.o
       460         56          0          0          0        120   dsqrt_noumaal.o
        86          4          0          0          0         84   f2d.o
       430          8          0          0          0        168   faddsub_clz.o
       388         76          0          0          0         96   fdiv.o
        38          0          0          0          0         68   fflt_clz.o
       140          4          0          0          0         84   fnaninf.o
        10          0          0          0          0         68   fretinf.o
         4          0          0          0          0         68   printf1.o
       100          0          0          0          0         68   retnan.o
        92          0          0          0          0         68   scalbn.o
        48          0          0          0          0         68   trapv.o
         0          0          0          0          0          0   usenofp.o
        62         10          0          0          0        340   dunder.o
        40          0          0          0          0         68   fpclassify.o
       170          0          0          0          0         96   poly.o
      2488        190        136          0          0        300   pow.o
         0          0          8          0          0          0   qnan.o
        76          0          0          0          0         84   sqrt.o

    ----------------------------------------------------------------------
     13160        796        658          0         96       7476   Library Totals
        26          0          1          0          0          0   (incl. Padding)

    ----------------------------------------------------------------------

      Code (inc. data)   RO Data    RW Data    ZI Data      Debug   Library Name

      6068        264        513          0         96       4340   c_w.l
      4230        332          0          0          0       2248   fz_ws.l
      2836        200        144          0          0        888   m_ws.l

    ----------------------------------------------------------------------
     13160        796        658          0         96       7476   Library Totals

    ----------------------------------------------------------------------

==============================================================================


      Code (inc. data)   RO Data    RW Data    ZI Data      Debug   

     24182       1518        994         56       3032     338367   Grand Totals
     24182       1518        994         56       3032     338367   ELF Image Totals
     24182       1518        994         56          0          0   ROM Totals

==============================================================================

    Total RO  Size (Code + RO Data)                25176 (  24.59kB)
    Total RW  Size (RW Data + ZI Data)              3088 (   3.02kB)
    Total ROM Size (Code + RO Data + RW Data)      25232 (  24.64kB)

==============================================================================

